Component: ARM Compiler 5.06 update 5 (build 528) Tool: armlink [4d35e2]

==============================================================================

Section Cross References

    startup_stm32f407xx.o(STACK) refers (Special) to heapauxi.o(.text) for __use_two_region_memory
    startup_stm32f407xx.o(HEAP) refers (Special) to heapauxi.o(.text) for __use_two_region_memory
    startup_stm32f407xx.o(RESET) refers (Special) to heapauxi.o(.text) for __use_two_region_memory
    startup_stm32f407xx.o(RESET) refers to startup_stm32f407xx.o(STACK) for __initial_sp
    startup_stm32f407xx.o(RESET) refers to startup_stm32f407xx.o(.text) for Reset_Handler
    startup_stm32f407xx.o(RESET) refers to stm32f4xx_it.o(i.NMI_Handler) for NMI_Handler
    startup_stm32f407xx.o(RESET) refers to stm32f4xx_it.o(i.HardFault_Handler) for HardFault_Handler
    startup_stm32f407xx.o(RESET) refers to stm32f4xx_it.o(i.MemManage_Handler) for MemManage_Handler
    startup_stm32f407xx.o(RESET) refers to stm32f4xx_it.o(i.BusFault_Handler) for BusFault_Handler
    startup_stm32f407xx.o(RESET) refers to stm32f4xx_it.o(i.UsageFault_Handler) for UsageFault_Handler
    startup_stm32f407xx.o(RESET) refers to port.o(.emb_text) for SVC_Handler
    startup_stm32f407xx.o(RESET) refers to stm32f4xx_it.o(i.DebugMon_Handler) for DebugMon_Handler
    startup_stm32f407xx.o(RESET) refers to port.o(i.SysTick_Handler) for SysTick_Handler
    startup_stm32f407xx.o(RESET) refers to stm32f4xx_it.o(i.DMA1_Stream1_IRQHandler) for DMA1_Stream1_IRQHandler
    startup_stm32f407xx.o(RESET) refers to stm32f4xx_it.o(i.DMA1_Stream3_IRQHandler) for DMA1_Stream3_IRQHandler
    startup_stm32f407xx.o(RESET) refers to stm32f4xx_it.o(i.DMA1_Stream4_IRQHandler) for DMA1_Stream4_IRQHandler
    startup_stm32f407xx.o(RESET) refers to stm32f4xx_it.o(i.DMA1_Stream5_IRQHandler) for DMA1_Stream5_IRQHandler
    startup_stm32f407xx.o(RESET) refers to stm32f4xx_it.o(i.DMA1_Stream6_IRQHandler) for DMA1_Stream6_IRQHandler
    startup_stm32f407xx.o(RESET) refers to stm32f4xx_it.o(i.EXTI9_5_IRQHandler) for EXTI9_5_IRQHandler
    startup_stm32f407xx.o(RESET) refers to stm32f4xx_it.o(i.USART2_IRQHandler) for USART2_IRQHandler
    startup_stm32f407xx.o(RESET) refers to stm32f4xx_it.o(i.USART3_IRQHandler) for USART3_IRQHandler
    startup_stm32f407xx.o(RESET) refers to stm32f4xx_it.o(i.TIM5_IRQHandler) for TIM5_IRQHandler
    startup_stm32f407xx.o(RESET) refers to stm32f4xx_it.o(i.UART4_IRQHandler) for UART4_IRQHandler
    startup_stm32f407xx.o(RESET) refers to stm32f4xx_it.o(i.DMA2_Stream1_IRQHandler) for DMA2_Stream1_IRQHandler
    startup_stm32f407xx.o(RESET) refers to stm32f4xx_it.o(i.DMA2_Stream6_IRQHandler) for DMA2_Stream6_IRQHandler
    startup_stm32f407xx.o(RESET) refers to stm32f4xx_it.o(i.USART6_IRQHandler) for USART6_IRQHandler
    startup_stm32f407xx.o(.text) refers (Special) to heapauxi.o(.text) for __use_two_region_memory
    startup_stm32f407xx.o(.text) refers to system_stm32f4xx.o(i.SystemInit) for SystemInit
    startup_stm32f407xx.o(.text) refers to __main.o(!!!main) for __main
    startup_stm32f407xx.o(.text) refers to startup_stm32f407xx.o(HEAP) for Heap_Mem
    startup_stm32f407xx.o(.text) refers to startup_stm32f407xx.o(STACK) for Stack_Mem
    sport.o(i.ENCODER_READ) refers to encoder.o(i.READ_SPEED) for READ_SPEED
    sport.o(i.OPENMV_COUNTER) refers to location.o(i.Location_Lookfor) for Location_Lookfor
    sport.o(i.OPENMV_COUNTER) refers to openmv_counter.o(i.OPEN_X) for OPEN_X
    sport.o(i.OPENMV_COUNTER) refers to sport.o(.data) for .data
    sport.o(i.OPENMV_COUNTER) refers to openmv.o(.bss) for OPEN_data
    sport.o(i.OPENMV_COUNTER) refers to location.o(.data) for lookforsa
    nrf_counter.o(i.NRF_BUFFER_Init) refers to nrf.o(.bss) for NBF_BUFF
    nrf_counter.o(i.NRF_COUNTER_LEFT) refers to nrf.o(i.NRF_dispose) for NRF_dispose
    nrf_counter.o(i.NRF_COUNTER_LEFT) refers to dflt_clz.o(x$fpl$dflt) for __aeabi_i2d
    nrf_counter.o(i.NRF_COUNTER_LEFT) refers to atan2.o(i.__hardfp_atan2) for __hardfp_atan2
    nrf_counter.o(i.NRF_COUNTER_LEFT) refers to dmul.o(x$fpl$dmul) for __aeabi_dmul
    nrf_counter.o(i.NRF_COUNTER_LEFT) refers to ddiv.o(x$fpl$ddiv) for __aeabi_ddiv
    nrf_counter.o(i.NRF_COUNTER_LEFT) refers to daddsub_clz.o(x$fpl$dsub) for __aeabi_dsub
    nrf_counter.o(i.NRF_COUNTER_LEFT) refers to d2f.o(x$fpl$d2f) for __aeabi_d2f
    nrf_counter.o(i.NRF_COUNTER_LEFT) refers to pid_counter.o(i.straight_line) for straight_line
    nrf_counter.o(i.NRF_COUNTER_LEFT) refers to nrf.o(.bss) for NBF_BUFF
    nrf_counter.o(i.NRF_COUNTER_LEFT) refers to nrf_counter.o(.data) for .data
    nrf_counter.o(i.NRF_COUNTER_RIGHT) refers to nrf.o(i.NRF_dispose) for NRF_dispose
    nrf_counter.o(i.NRF_COUNTER_RIGHT) refers to motor.o(i.Motor_370_respectively) for Motor_370_respectively
    nrf_counter.o(i.NRF_COUNTER_RIGHT) refers to nrf.o(.bss) for NBF_BUFF
    nrf_counter.o(i.NRF_COUNTER_RIGHT) refers to nrf_counter.o(.data) for .data
[...]
    Location_GO_EYSE                         0x08002f21   Thumb Code   238  location.o(i.Location_GO_EYSE)
    Location_go_home                         0x08003039   Thumb Code    38  location.o(i.Location_go_home)
    Location_turn_PID                        0x08003075   Thumb Code   164  location.o(i.Location_turn_PID)
    MX_DMA_Init                              0x08003121   Thumb Code   152  dma.o(i.MX_DMA_Init)
    MX_FREERTOS_Init                         0x080031bd   Thumb Code   140  freertos.o(i.MX_FREERTOS_Init)
    MX_GPIO_Init                             0x08003251   Thumb Code   316  gpio.o(i.MX_GPIO_Init)
    MX_SPI2_Init                             0x0800339d   Thumb Code    62  spi.o(i.MX_SPI2_Init)
    MX_TIM10_Init                            0x080033e5   Thumb Code    96  tim.o(i.MX_TIM10_Init)
    MX_TIM11_Init                            0x0800344d   Thumb Code   100  tim.o(i.MX_TIM11_Init)
    MX_TIM1_Init                             0x080034b9   Thumb Code   170  tim.o(i.MX_TIM1_Init)
    MX_TIM2_Init                             0x0800356d   Thumb Code   112  tim.o(i.MX_TIM2_Init)
    MX_TIM3_Init                             0x080035e1   Thumb Code    98  tim.o(i.MX_TIM3_Init)
    MX_TIM4_Init                             0x0800364d   Thumb Code    98  tim.o(i.MX_TIM4_Init)
    MX_TIM8_Init                             0x080036b9   Thumb Code   158  tim.o(i.MX_TIM8_Init)
    MX_TIM9_Init                             0x08003761   Thumb Code   108  tim.o(i.MX_TIM9_Init)
    MX_UART4_Init                            0x080037d5   Thumb Code    54  usart.o(i.MX_UART4_Init)
    MX_USART2_UART_Init                      0x08003819   Thumb Code    66  usart.o(i.MX_USART2_UART_Init)
    MX_USART3_UART_Init                      0x08003869   Thumb Code    66  usart.o(i.MX_USART3_UART_Init)
    MX_USART6_UART_Init                      0x080038b9   Thumb Code    66  usart.o(i.MX_USART6_UART_Init)
    MemManage_Handler                        0x08003909   Thumb Code     2  stm32f4xx_it.o(i.MemManage_Handler)
    Motor_370_L                              0x0800390d   Thumb Code    88  motor.o(i.Motor_370_L)
    Motor_370_R                              0x0800396d   Thumb Code    88  motor.o(i.Motor_370_R)
    Motor_370_advance                        0x080039cd   Thumb Code     6  motor.o(i.Motor_370_advance)
    Motor_370_respectively                   0x080039d3   Thumb Code    52  motor.o(i.Motor_370_respectively)
    Motor_370_stop                           0x08003a07   Thumb Code     8  motor.o(i.Motor_370_stop)
    Motor_Init                               0x08003a11   Thumb Code    22  motor.o(i.Motor_Init)
    NMI_Handler                              0x08003a2d   Thumb Code     2  stm32f4xx_it.o(i.NMI_Handler)
    NRF24L01_Check                           0x08003a31   Thumb Code    62  nrf.o(i.NRF24L01_Check)
    NRF24L01_RX_Mode                         0x08003a79   Thumb Code    96  nrf.o(i.NRF24L01_RX_Mode)
    NRF24L01_Read_Buf                        0x08003ae1   Thumb Code    76  nrf.o(i.NRF24L01_Read_Buf)
    NRF24L01_Read_Reg                        0x08003b35   Thumb Code    52  nrf.o(i.NRF24L01_Read_Reg)
    NRF24L01_RxPacket                        0x08003b71   Thumb Code    50  nrf.o(i.NRF24L01_RxPacket)
    NRF24L01_Write_Buf                       0x08003ba5   Thumb Code    78  nrf.o(i.NRF24L01_Write_Buf)
    NRF24L01_Write_Reg                       0x08003bfd   Thumb Code    58  nrf.o(i.NRF24L01_Write_Reg)
    NRF_BUFFER_Init                          0x08003c41   Thumb Code    40  nrf_counter.o(i.NRF_BUFFER_Init)
    NRF_COUNTER_LEFT                         0x08003c71   Thumb Code   370  nrf_counter.o(i.NRF_COUNTER_LEFT)
    NRF_COUNTER_RIGHT                        0x08003e25   Thumb Code   114  nrf_counter.o(i.NRF_COUNTER_RIGHT)
    NRF_COUNTER_START                        0x08003ea1   Thumb Code    54  nrf_counter.o(i.NRF_COUNTER_START)
    NRF_KEY6                                 0x08003ee1   Thumb Code    30  nrf_counter.o(i.NRF_KEY6)
    NRF_decide                               0x08003f09   Thumb Code    26  nrf.o(i.NRF_decide)
    NRF_dispose                              0x08003f29   Thumb Code   378  nrf.o(i.NRF_dispose)
    OPENMV_DATA_FITER                        0x080040ad   Thumb Code   106  pid_counter.o(i.OPENMV_DATA_FITER)
    OPENMV_PID_COUNTER                       0x08004129   Thumb Code   268  pid_counter.o(i.OPENMV_PID_COUNTER)
    OPENMV_SPORT_TASK                        0x08004255   Thumb Code   462  openmv_counter.o(i.OPENMV_SPORT_TASK)
    PositionPID                              0x08004441   Thumb Code    48  pid.o(i.PositionPID)
    READ_SPEED                               0x08004475   Thumb Code    42  encoder.o(i.READ_SPEED)
    Read_Speed                               0x080044ad   Thumb Code    12  encoder.o(i.Read_Speed)
    SPEED_PID                                0x080044b9   Thumb Code   170  pid_counter.o(i.SPEED_PID)
    SPIx_ReadWriteByte                       0x08004699   Thumb Code    32  nrf.o(i.SPIx_ReadWriteByte)
    Steering_Camara_below                    0x080046b9   Thumb Code    10  steering.o(i.Steering_Camara_below)
    Steering_Camara_below_more               0x080046c9   Thumb Code    10  steering.o(i.Steering_Camara_below_more)
    Steering_Camara_up                       0x080046d9   Thumb Code    10  steering.o(i.Steering_Camara_up)
    Steering_Init                            0x080046e9   Thumb Code    54  steering.o(i.Steering_Init)
    Steering_frame_below                     0x08004735   Thumb Code    16  steering.o(i.Steering_frame_below)
    Steering_frame_up                        0x08004749   Thumb Code    24  steering.o(i.Steering_frame_up)
    Steering_tongs_close                     0x08004769   Thumb Code    18  steering.o(i.Steering_tongs_close)
    Steering_tongs_loosen                    0x08004785   Thumb Code    18  steering.o(i.Steering_tongs_loosen)
    Steering_tongs_loosen_slight             0x080047a1   Thumb Code    18  steering.o(i.Steering_tongs_loosen_slight)
    SysTick_Handler                          0x080047bd   Thumb Code    38  port.o(i.SysTick_Handler)
    SystemClock_Config                       0x080047e9   Thumb Code   140  main.o(i.SystemClock_Config)
    SystemInit                               0x0800487d   Thumb Code    12  system_stm32f4xx.o(i.SystemInit)
    TIM5_IRQHandler                          0x0800488d   Thumb Code     6  stm32f4xx_it.o(i.TIM5_IRQHandler)
    TIM_Base_SetConfig                       0x08004899   Thumb Code   170  stm32f4xx_hal_tim.o(i.TIM_Base_SetConfig)
    TIM_CCxChannelCmd                        0x08004971   Thumb Code    26  stm32f4xx_hal_tim.o(i.TIM_CCxChannelCmd)
    TIM_OC2_SetConfig                        0x080049ed   Thumb Code    98  stm32f4xx_hal_tim.o(i.TIM_OC2_SetConfig)
    UART4_IRQHandler                         0x08004b11   Thumb Code    86  stm32f4xx_it.o(i.UART4_IRQHandler)
    UARTTASK                                 0x08004b79   Thumb Code    16  freertos.o(i.UARTTASK)
    UART_Start_Receive_DMA                   0x08004f0d   Thumb Code   130  stm32f4xx_hal_uart.o(i.UART_Start_Receive_DMA)
    UART_Start_Receive_IT                    0x08004f9d   Thumb Code    54  stm32f4xx_hal_uart.o(i.UART_Start_Receive_IT)
    USART2_IRQHandler                        0x08004fd5   Thumb Code    80  stm32f4xx_it.o(i.USART2_IRQHandler)
    USART3_IRQHandler                        0x08005035   Thumb Code   146  stm32f4xx_it.o(i.USART3_IRQHandler)
    USART6_IRQHandler                        0x080050e5   Thumb Code    72  stm32f4xx_it.o(i.USART6_IRQHandler)
    UsageFault_Handler                       0x08005139   Thumb Code     2  stm32f4xx_it.o(i.UsageFault_Handler)
    User_USART_Init                          0x0800513b   Thumb Code    26  my_usart.o(i.User_USART_Init)
    XANDYGETTASKs                            0x08005155   Thumb Code    78  freertos.o(i.XANDYGETTASKs)
    X_AND_Y_GET                              0x080051b5   Thumb Code   388  location.o(i.X_AND_Y_GET)
    YAW_PID                                  0x08005359   Thumb Code   114  pid_counter.o(i.YAW_PID)
    __ARM_fpclassify                         0x080053d9   Thumb Code    48  fpclassify.o(i.__ARM_fpclassify)
    __hardfp_atan                            0x08005429   Thumb Code   622  atan.o(i.__hardfp_atan)
    __hardfp_atan2                           0x08005701   Thumb Code   432  atan2.o(i.__hardfp_atan2)
    __hardfp_cos                             0x080058f1   Thumb Code   180  cos.o(i.__hardfp_cos)
    __hardfp_sin                             0x080059b9   Thumb Code   180  sin.o(i.__hardfp_sin)
    __ieee754_rem_pio2                       0x08005a81   Thumb Code   938  rred.o(i.__ieee754_rem_pio2)
    __kernel_cos                             0x08005eb9   Thumb Code   322  cos_i.o(i.__kernel_cos)
    __kernel_poly                            0x08006029   Thumb Code   248  poly.o(i.__kernel_poly)
    __kernel_sin                             0x08006121   Thumb Code   280  sin_i.o(i.__kernel_sin)
    __mathlib_dbl_infnan                     0x08006251   Thumb Code    20  dunder.o(i.__mathlib_dbl_infnan)
    __mathlib_dbl_infnan2                    0x08006265   Thumb Code    20  dunder.o(i.__mathlib_dbl_infnan2)
    __mathlib_dbl_invalid                    0x08006279   Thumb Code    24  dunder.o(i.__mathlib_dbl_invalid)
    __mathlib_dbl_underflow                  0x08006299   Thumb Code    24  dunder.o(i.__mathlib_dbl_underflow)
    atan                                     0x080062b9   Thumb Code    16  atan.o(i.atan)
    direction_PID                            0x080062c9   Thumb Code   206  pid_counter.o(i.direction_PID)
    fabs                                     0x080063ad   Thumb Code    24  fabs.o(i.fabs)
    location_goto_point                      0x080063c5   Thumb Code   140  location.o(i.location_goto_point)
    location_miidle_turn_common              0x0800645d   Thumb Code   206  location.o(i.location_miidle_turn_common)
    main                                     0x08006549   Thumb Code   146  main.o(i.main)
    normal                                   0x080065f1   Thumb Code    44  freertos.o(i.normal)
    openmv_data_Init                         0x08006621   Thumb Code    14  openmv.o(i.openmv_data_Init)
    openmv_data_get                          0x08006635   Thumb Code   366  openmv.o(i.openmv_data_get)
    openmvcounter                            0x080067b1   Thumb Code    44  freertos.o(i.openmvcounter)
    osKernelStart                            0x080067e1   Thumb Code    10  cmsis_os.o(i.osKernelStart)
    osMutexCreate                            0x080067eb   Thumb Code    16  cmsis_os.o(i.osMutexCreate)
    osThreadCreate                           0x080067fb   Thumb Code    84  cmsis_os.o(i.osThreadCreate)
    position_pid_for_SPEED                   0x08006851   Thumb Code    10  pid.o(i.position_pid_for_SPEED)
    position_pid_for_openmv                  0x08006861   Thumb Code    10  pid.o(i.position_pid_for_openmv)
    position_pid_for_turn                    0x08006871   Thumb Code    10  pid.o(i.position_pid_for_turn)
    position_pid_for_yaw                     0x08006881   Thumb Code    10  pid.o(i.position_pid_for_yaw)
    pvPortMalloc                             0x08006d31   Thumb Code   216  heap_4.o(i.pvPortMalloc)
    pvTaskIncrementMutexHeldCount            0x08006e0d   Thumb Code    18  tasks.o(i.pvTaskIncrementMutexHeldCount)
    pxPortInitialiseStack                    0x08006e25   Thumb Code    40  port.o(i.pxPortInitialiseStack)
    remotecontrolTASK                        0x08006e51   Thumb Code    20  freertos.o(i.remotecontrolTASK)
    straight_line                            0x08006e69   Thumb Code     4  pid_counter.o(i.straight_line)
    uxListRemove                             0x08006e6d   Thumb Code    38  list.o(i.uxListRemove)
    vApplicationGetIdleTaskMemory            0x08006e95   Thumb Code    16  freertos.o(i.vApplicationGetIdleTaskMemory)
    vListInitialise                          0x08006ea9   Thumb Code    22  list.o(i.vListInitialise)
    vListInitialiseItem                      0x08006ebf   Thumb Code     6  list.o(i.vListInitialiseItem)
    vListInsert                              0x08006ec5   Thumb Code    48  list.o(i.vListInsert)
    vListInsertEnd                           0x08006ef5   Thumb Code    24  list.o(i.vListInsertEnd)
    vPortEnterCritical                       0x08006f0d   Thumb Code    54  port.o(i.vPortEnterCritical)
    vPortExitCritical                        0x08006f4d   Thumb Code    34  port.o(i.vPortExitCritical)
    vPortFree                                0x08006f75   Thumb Code    94  heap_4.o(i.vPortFree)
    vPortSetupTimerInterrupt                 0x08006fd9   Thumb Code    32  port.o(i.vPortSetupTimerInterrupt)
    vTaskDelay                               0x08006ffd   Thumb Code    66  tasks.o(i.vTaskDelay)
    vTaskInternalSetTimeOutState             0x08007049   Thumb Code    12  tasks.o(i.vTaskInternalSetTimeOutState)
    vTaskMissedYield                         0x08007059   Thumb Code     8  tasks.o(i.vTaskMissedYield)
    vTaskPlaceOnEventList                    0x08007065   Thumb Code    44  tasks.o(i.vTaskPlaceOnEventList)
    vTaskPriorityDisinheritAfterTimeout      0x08007095   Thumb Code   152  tasks.o(i.vTaskPriorityDisinheritAfterTimeout)
    vTaskResume                              0x08007135   Thumb Code   112  tasks.o(i.vTaskResume)
    vTaskStartScheduler                      0x080071b1   Thumb Code    90  tasks.o(i.vTaskStartScheduler)
    vTaskSuspend                             0x0800721d   Thumb Code   174  tasks.o(i.vTaskSuspend)
    vTaskSuspendAll                          0x080072d9   Thumb Code    10  tasks.o(i.vTaskSuspendAll)
    vTaskSwitchContext                       0x080072e9   Thumb Code    82  tasks.o(i.vTaskSwitchContext)
    xPortStartScheduler                      0x08007345   Thumb Code   222  port.o(i.xPortStartScheduler)
    xQueueCreateMutex                        0x08007439   Thumb Code    22  queue.o(i.xQueueCreateMutex)
    xQueueCreateMutexStatic                  0x0800744f   Thumb Code    26  queue.o(i.xQueueCreateMutexStatic)
    xQueueGenericCreate                      0x08007469   Thumb Code    66  queue.o(i.xQueueGenericCreate)
    xQueueGenericCreateStatic                0x080074ab   Thumb Code   102  queue.o(i.xQueueGenericCreateStatic)
    xQueueGenericReset                       0x08007511   Thumb Code   132  queue.o(i.xQueueGenericReset)
    xQueueGenericSend                        0x08007599   Thumb Code   346  queue.o(i.xQueueGenericSend)
    xQueueSemaphoreTake                      0x080076f9   Thumb Code   372  queue.o(i.xQueueSemaphoreTake)
    xTaskCheckForTimeOut                     0x08007871   Thumb Code   112  tasks.o(i.xTaskCheckForTimeOut)
    xTaskCreate                              0x080078e5   Thumb Code    90  tasks.o(i.xTaskCreate)
    xTaskCreateStatic                        0x0800793f   Thumb Code    86  tasks.o(i.xTaskCreateStatic)
    xTaskGetSchedulerState                   0x08007995   Thumb Code    22  tasks.o(i.xTaskGetSchedulerState)
    xTaskIncrementTick                       0x080079b1   Thumb Code   194  tasks.o(i.xTaskIncrementTick)
    xTaskPriorityDisinherit                  0x08007a7d   Thumb Code   144  tasks.o(i.xTaskPriorityDisinherit)
    xTaskPriorityInherit                     0x08007b15   Thumb Code   130  tasks.o(i.xTaskPriorityInherit)
    xTaskRemoveFromEventList                 0x08007ba1   Thumb Code   108  tasks.o(i.xTaskRemoveFromEventList)
    xTaskResumeAll                           0x08007c15   Thumb Code   182  tasks.o(i.xTaskResumeAll)
    _get_lc_ctype                            0x08007cd9   Thumb Code    44  lc_ctype_c.o(locale$$code)
    __aeabi_dneg                             0x08007d05   Thumb Code     0  basic.o(x$fpl$basic)
    _dneg                                    0x08007d05   Thumb Code     6  basic.o(x$fpl$basic)
    __aeabi_fneg                             0x08007d0b   Thumb Code     0  basic.o(x$fpl$basic)
    _fneg                                    0x08007d0b   Thumb Code     6  basic.o(x$fpl$basic)
    _dabs                                    0x08007d11   Thumb Code     6  basic.o(x$fpl$basic)
    _fabs                                    0x08007d17   Thumb Code     6  basic.o(x$fpl$basic)
    __aeabi_d2f                              0x08007d1d   Thumb Code     0  d2f.o(x$fpl$d2f)
    _d2f                                     0x08007d1d   Thumb Code    98  d2f.o(x$fpl$d2f)
    __aeabi_dadd                             0x08007d81   Thumb Code     0  daddsub_clz.o(x$fpl$dadd)
    _dadd                                    0x08007d81   Thumb Code   332  daddsub_clz.o(x$fpl$dadd)
    __aeabi_ddiv                             0x08007ed1   Thumb Code     0  ddiv.o(x$fpl$ddiv)
    _ddiv                                    0x08007ed1   Thumb Code   552  ddiv.o(x$fpl$ddiv)
    __aeabi_d2iz                             0x08008181   Thumb Code     0  dfix.o(x$fpl$dfix)
    _dfix                                    0x08008181   Thumb Code    94  dfix.o(x$fpl$dfix)
    __aeabi_i2d                              0x080081df   Thumb Code     0  dflt_clz.o(x$fpl$dflt)
    _dflt                                    0x080081df   Thumb Code    46  dflt_clz.o(x$fpl$dflt)
    __aeabi_ui2d                             0x0800820d   Thumb Code     0  dflt_clz.o(x$fpl$dfltu)
    _dfltu                                   0x0800820d   Thumb Code    38  dflt_clz.o(x$fpl$dfltu)
    __aeabi_dmul                             0x08008235   Thumb Code     0  dmul.o(x$fpl$dmul)
    _dmul                                    0x08008235   Thumb Code   332  dmul.o(x$fpl$dmul)
    __fpl_dnaninf                            0x08008389   Thumb Code   156  dnaninf.o(x$fpl$dnaninf)
    __fpl_dretinf                            0x08008425   Thumb Code    12  dretinf.o(x$fpl$dretinf)
    __aeabi_drsub                            0x08008431   Thumb Code     0  daddsub_clz.o(x$fpl$drsb)
    _drsb                                    0x08008431   Thumb Code    22  daddsub_clz.o(x$fpl$drsb)
    __aeabi_dsub                             0x08008449   Thumb Code     0  daddsub_clz.o(x$fpl$dsub)
    _dsub                                    0x08008449   Thumb Code   464  daddsub_clz.o(x$fpl$dsub)
    __aeabi_f2d                              0x0800861d   Thumb Code     0  f2d.o(x$fpl$f2d)
    _f2d                                     0x0800861d   Thumb Code    86  f2d.o(x$fpl$f2d)
    __fpl_fnaninf                            0x08008673   Thumb Code   140  fnaninf.o(x$fpl$fnaninf)
    _fp_init                                 0x080086ff   Thumb Code    10  fpinit.o(x$fpl$fpinit)
    __fplib_config_fpu_vfp                   0x08008707   Thumb Code     0  fpinit.o(x$fpl$fpinit)
    __fplib_config_pureend_doubles           0x08008707   Thumb Code     0  fpinit.o(x$fpl$fpinit)
    __fpl_fretinf                            0x08008709   Thumb Code    10  fretinf.o(x$fpl$fretinf)
    __I$use$fp                               0x08008712   Number         0  usenofp.o(x$fpl$usenofp)
    os_mutex_def_XANDY_Mutex                 0x08008714   Data           8  freertos.o(.constdata)
    TX_ADDRESS                               0x080087b0   Data           5  nrf.o(.constdata)
    RX_ADDRESS                               0x080087b5   Data           5  nrf.o(.constdata)
    AHBPrescTable                            0x080087ba   Data          16  system_stm32f4xx.o(.constdata)
    APBPrescTable                            0x080087ca   Data           8  system_stm32f4xx.o(.constdata)
    __mathlib_zero                           0x080088a0   Data           8  qnan.o(.constdata)
    Region$$Table$$Base                      0x080089d4   Number         0  anon$$obj.o(Region$$Table)
    Region$$Table$$Limit                     0x080089f4   Number         0  anon$$obj.o(Region$$Table)
    __ctype                                  0x08008a01   Data           0  lc_ctype_c.o(locale$$data)
    yaw                                      0x20000000   Data           4  nrf_counter.o(.data)
    sa14                                     0x20000004   Data           4  nrf_counter.o(.data)
    sa13                                     0x20000008   Data           4  nrf_counter.o(.data)
    sa_yaw1                                  0x2000000c   Data           4  nrf_counter.o(.data)
    sa_yaw2                                  0x20000010   Data           4  nrf_counter.o(.data)
    record_left_yaw                          0x20000014   Data           4  nrf_counter.o(.data)
    motor_left                               0x20000018   Data           4  nrf_counter.o(.data)
    motor_right                              0x2000001c   Data           4  nrf_counter.o(.data)
    frame                                    0x20000020   Data           4  openmv_counter.o(.data)
    pliers                                   0x20000024   Data           4  openmv_counter.o(.data)
    openmv_time_count_task                   0x20000028   Data           4  openmv_counter.o(.data)
    openmv_time_count_yaw                    0x2000002c   Data           4  openmv_counter.o(.data)
    OPENMV_YAW                               0x20000030   Data           4  openmv_counter.o(.data)
    sa25                                     0x20000034   Data           4  openmv_counter.o(.data)
    sa26                                     0x20000038   Data           4  openmv_counter.o(.data)
    sa_openmv_fliter_time                    0x2000003c   Data           4  openmv_counter.o(.data)
    temp_sa_open                             0x20000040   Data           4  openmv_counter.o(.data)
    sa_openmv_x_sum                          0x20000044   Data           4  openmv_counter.o(.data)
    X_real                                   0x20000048   Data           4  main.o(.data)
    Y_real                                   0x2000004c   Data           4  main.o(.data)
    sa_key1                                  0x20000050   Data           4  main.o(.data)
    sat_1                                    0x20000054   Data           4  freertos.o(.data)
    sat_2                                    0x20000058   Data           4  freertos.o(.data)
    sat_3                                    0x2000005c   Data           4  freertos.o(.data)
    sat_4                                    0x20000060   Data           4  freertos.o(.data)
    XANDYMutex                               0x20000064   Data           4  freertos.o(.data)
    XANDYGETTASK1Handle                      0x20000068   Data           4  freertos.o(.data)
    myTask02Handle                           0x2000006c   Data           4  freertos.o(.data)
    myTask03Handle                           0x20000070   Data           4  freertos.o(.data)
    myTask04Handle                           0x20000074   Data           4  freertos.o(.data)
    USATHandle                               0x20000078   Data           4  freertos.o(.data)
    rx_len                                   0x2000007c   Data           1  usart.o(.data)
    recv_end_flag                            0x2000007d   Data           1  usart.o(.data)
    it_C_temp                                0x20000080   Data           4  stm32f4xx_it.o(.data)
    it_C_temp1                               0x20000084   Data           4  stm32f4xx_it.o(.data)
    it_C_temp2                               0x20000088   Data           4  stm32f4xx_it.o(.data)
    sa10                                     0x2000008c   Data           4  stm32f4xx_it.o(.data)
    rx_lenu4                                 0x20000090   Data           4  stm32f4xx_it.o(.data)
    uwTickFreq                               0x20000094   Data           1  stm32f4xx_hal.o(.data)
    uwTickPrio                               0x20000098   Data           4  stm32f4xx_hal.o(.data)
    uwTick                                   0x2000009c   Data           4  stm32f4xx_hal.o(.data)
    JIESUO                                   0x200000a0   Data           5  jy901.o(.data)
    ZERO                                     0x200000a5   Data           5  jy901.o(.data)
    z_zero                                   0x200000aa   Data           5  jy901.o(.data)
    BAOCHUN                                  0x200000af   Data           5  jy901.o(.data)
    stcAcc                                   0x200000b4   Data           8  jy901.o(.data)
    stcGyro                                  0x200000bc   Data           8  jy901.o(.data)
    stcAngle                                 0x200000c4   Data           8  jy901.o(.data)
    stcQ                                     0x200000cc   Data           8  jy901.o(.data)
    sa_NRF_START                             0x200000d4   Data           4  nrf.o(.data)
    sa_NRF_GUDINGYAW                         0x200000d8   Data           4  nrf.o(.data)
    sa_NRF_KEY6                              0x200000dc   Data           4  nrf.o(.data)
    sa_NRF_KEY6_SATUS                        0x200000e0   Data           4  nrf.o(.data)
    BUFF_NBR                                 0x200000e4   Data           5  nrf.o(.data)
    sa_yaw_pid                               0x200000ec   Data           4  pid_counter.o(.data)
    sa_yaw_motor                             0x200000f0   Data           4  pid_counter.o(.data)
    sa_yaw_turn_l                            0x200000f4   Data           4  pid_counter.o(.data)
    sa_yaw_turn_r                            0x200000f8   Data           4  pid_counter.o(.data)
    openmv_bias                              0x200000fc   Data           4  pid_counter.o(.data)
    OPENMV_MOTOR_L                           0x20000100   Data           4  pid_counter.o(.data)
    OPENMV_MOTOR_R                           0x20000104   Data           4  pid_counter.o(.data)
    OPENMV_MOTOR_change                      0x20000108   Data           4  pid_counter.o(.data)
    sa_openmv_fliter_duojitime               0x2000010c   Data           4  pid_counter.o(.data)
    sa_openmv_DUOJI_sum                      0x20000110   Data           4  pid_counter.o(.data)
    duoji_maxCount                           0x20000114   Data           4  pid_counter.o(.data)
    motor_ll                                 0x20000118   Data           4  pid_counter.o(.data)
    motor_rr                                 0x2000011c   Data           4  pid_counter.o(.data)
    YAW_change                               0x20000120   Data           4  pid_counter.o(.data)
    motor_change1                            0x20000124   Data           4  pid_counter.o(.data)
    motorl_deviation                         0x20000128   Data           4  pid_counter.o(.data)
    motorr_deviation                         0x2000012c   Data           4  pid_counter.o(.data)
    motorl_change                            0x20000130   Data           4  pid_counter.o(.data)
    motorr_change                            0x20000134   Data           4  pid_counter.o(.data)
    lookforsa2                               0x20000138   Data           4  location.o(.data)
    sa_angle                                 0x2000013c   Data           4  location.o(.data)
    sa_location                              0x20000140   Data           4  location.o(.data)
    currentX                                 0x20000144   Data           4  location.o(.data)
    currentY                                 0x20000148   Data           4  location.o(.data)
    change_x                                 0x2000014c   Data           4  location.o(.data)
    change_y                                 0x20000150   Data           4  location.o(.data)
    circle_middle_x                          0x20000154   Data           4  location.o(.data)
    circle_middle_y                          0x20000158   Data           4  location.o(.data)
    radius                                   0x2000015c   Data           4  location.o(.data)
    L                                        0x20000160   Data           4  location.o(.data)
    alpha                                    0x20000164   Data           4  location.o(.data)
    BETA                                     0x20000168   Data           4  location.o(.data)
    location_yaw                             0x2000016c   Data           4  location.o(.data)
    k_AB                                     0x20000170   Data           4  location.o(.data)
    k_middle                                 0x20000174   Data           4  location.o(.data)
    c_middle                                 0x20000178   Data           4  location.o(.data)
    deta                                     0x2000017c   Data           4  location.o(.data)
    distance                                 0x20000180   Data           4  location.o(.data)
    deta_a                                   0x20000184   Data           4  location.o(.data)
    deta_b                                   0x20000188   Data           4  location.o(.data)
    deta_c                                   0x2000018c   Data           4  location.o(.data)
    deta_staue                               0x20000190   Data           4  location.o(.data)
    x_1                                      0x20000194   Data           4  location.o(.data)
    x_2                                      0x20000198   Data           4  location.o(.data)
    y_1                                      0x2000019c   Data           4  location.o(.data)
    y_2                                      0x200001a0   Data           4  location.o(.data)
    sa_20                                    0x200001a4   Data           4  location.o(.data)
    sa_21                                    0x200001a8   Data           4  location.o(.data)
    Location_stuas1                          0x200001ac   Data           4  location.o(.data)
    lookforsa                                0x200001b0   Data           4  location.o(.data)
    expect_yaw_location                      0x200001b4   Data           4  location.o(.data)
    gohome_satus                             0x200001b8   Data           4  location.o(.data)
    lookforwangsa                            0x200001bc   Data           4  location.o(.data)
    location_pd_time                         0x200001c0   Data           4  location.o(.data)
    location_turn_common                     0x200001c4   Data           4  location.o(.data)
    sa_common_time                           0x200001c8   Data           4  location.o(.data)
    turn_commot_time                         0x200001cc   Data           4  location.o(.data)
    baoan_sa                                 0x200001d0   Data           4  location.o(.data)
    location_turn_common_Sa                  0x200001d4   Data           4  location.o(.data)
    sa_dx                                    0x20000230   Data           4  location.o(.data)
    sa_dy                                    0x20000234   Data           4  location.o(.data)
    sa_aerfa                                 0x20000238   Data           4  location.o(.data)
    sa_yaw4                                  0x2000023c   Data           4  location.o(.data)
    sa_L                                     0x20000240   Data           4  location.o(.data)
    wang_location_y                          0x20000244   Data         400  location.o(.data)
    wang_location_startyaw                   0x200003d4   Data         400  location.o(.data)
    wang_location_endyaw                     0x20000564   Data         400  location.o(.data)
    wang_location_baoanx                     0x200006f4   Data         400  location.o(.data)
    wang_location_baoany                     0x20000884   Data         400  location.o(.data)
    g_location_x                             0x20000a14   Data         400  location.o(.data)
    g_location_y                             0x20000ba4   Data         400  location.o(.data)
    g_location_startyaw                      0x20000d34   Data         400  location.o(.data)
    g_location_endyaw                        0x20000ec4   Data         400  location.o(.data)
    HWT101_JIESUO                            0x20001054   Data           5  hwt101.o(.data)
    HWT101_RESET                             0x20001059   Data           5  hwt101.o(.data)
    HWT101_BAOCHUN                           0x2000105e   Data           5  hwt101.o(.data)
    HWT101_Z_ZERO                            0x20001063   Data           5  hwt101.o(.data)
    staus_buffer                             0x20001068   Data           2  openmv.o(.data)
    sa_switch_satus                          0x2000106c   Data           4  openmv.o(.data)
    sa_aite_count                            0x20001070   Data           4  openmv.o(.data)
    SystemCoreClock                          0x20001074   Data           4  system_stm32f4xx.o(.data)
    steering_value_time                      0x20001078   Data           4  steering.o(.data)
    yaw_PID                                  0x2000108c   Data          12  pid.o(.data)
    speed_PID                                0x20001098   Data          12  pid.o(.data)
    turn_PID                                 0x200010a4   Data          12  pid.o(.data)
    OPEN_PID                                 0x200010b0   Data          12  pid.o(.data)
    Init_atk                                 0x200010bc   Data           4  atktdf.o(.data)
    ATKTDF_TIME                              0x200010c0   Data           4  atktdf.o(.data)
    ATKMOBE                                  0x200010c4   Data          10  atktdf.o(.data)
    ATK_MOB_DATA                             0x200010ce   Data           9  atktdf.o(.data)
    ATK_high_speed                           0x200010d7   Data          10  atktdf.o(.data)
    ATK_calibration                          0x200010e1   Data          10  atktdf.o(.data)
    pxCurrentTCB                             0x200010ec   Data           4  tasks.o(.data)
    sa_openmv_fliter                         0x20001154   Data          40  openmv_counter.o(.bss)
    hspi2                                    0x200013d0   Data          88  spi.o(.bss)
    htim1                                    0x20001428   Data          72  tim.o(.bss)
    htim2                                    0x20001470   Data          72  tim.o(.bss)
    htim3                                    0x200014b8   Data          72  tim.o(.bss)
    htim4                                    0x20001500   Data          72  tim.o(.bss)
    htim8                                    0x20001548   Data          72  tim.o(.bss)
    htim9                                    0x20001590   Data          72  tim.o(.bss)
    htim10                                   0x200015d8   Data          72  tim.o(.bss)
    htim11                                   0x20001620   Data          72  tim.o(.bss)
    huart4                                   0x20001668   Data          72  usart.o(.bss)
    huart2                                   0x200016b0   Data          72  usart.o(.bss)
    huart3                                   0x200016f8   Data          72  usart.o(.bss)
    huart6                                   0x20001740   Data          72  usart.o(.bss)
    hdma_uart4_tx                            0x20001788   Data          96  usart.o(.bss)
    hdma_uart4_rx                            0x200017e8   Data          96  usart.o(.bss)
    hdma_usart2_rx                           0x20001848   Data          96  usart.o(.bss)
    hdma_usart2_tx                           0x200018a8   Data          96  usart.o(.bss)
    hdma_usart3_rx                           0x20001908   Data          96  usart.o(.bss)
    hdma_usart3_tx                           0x20001968   Data          96  usart.o(.bss)
    hdma_usart6_tx                           0x200019c8   Data          96  usart.o(.bss)
    hdma_usart6_rx                           0x20001a28   Data          96  usart.o(.bss)
    htim5                                    0x20001a88   Data          72  stm32f4xx_hal_timebase_tim.o(.bss)
    JY901_data                               0x20001ad0   Data         132  jy901.o(.bss)
    Receive                                  0x20001b54   Data          33  nrf.o(.bss)
    NBF_BUFF                                 0x20001b78   Data          12  nrf.o(.bss)
    count_duoji                              0x20001b84   Data        1024  pid_counter.o(.bss)
    sa_openmv_duoji_fliter                   0x20001f84   Data          40  pid_counter.o(.bss)
    wang_location_x                          0x20001fac   Data         400  location.o(.bss)
    location                                 0x2000213c   Data          52  location.o(.bss)
    HWT101                                   0x20002170   Data          48  hwt101.o(.bss)
    OPEN_data                                0x200021a0   Data         100  openmv.o(.bss)
    openmv_Data_rebuffer                     0x20002204   Data          40  openmv.o(.bss)
    x_buffer                                 0x2000222c   Data          10  openmv.o(.bss)
    y_buffer                                 0x20002236   Data          10  openmv.o(.bss)
    d_buffer                                 0x20002240   Data          10  openmv.o(.bss)
    atktdf                                   0x2000224c   Data         132  atktdf.o(.bss)
    atk_location_buffer                      0x200022d0   Data          20  atktdf.o(.bss)
    sa_ATK_fliter                            0x200022e4   Data          40  atktdf.o(.bss)
    __libspace_start                         0x20005ffc   Data          96  libspace.o(.bss)
    __temporary_stack_top$libspace           0x2000605c   Data           0  libspace.o(.bss)



==============================================================================

Memory Map of the image

  Image Entry point : 0x08000189

  Load Region LR_IROM1 (Base: 0x08000000, Size: 0x00009c58, Max: 0x00100000, ABSOLUTE, COMPRESSED[0x00008bd8])

    Execution Region ER_IROM1 (Exec base: 0x08000000, Load base: 0x08000000, Size: 0x00008b04, Max: 0x00100000, ABSOLUTE)

    Exec Addr    Load Addr    Size         Type   Attr      Idx    E Section Name        Object

    0x08000000   0x08000000   0x00000188   Data   RO            3    RESET               startup_stm32f407xx.o
    0x08000188   0x08000188   0x00000008   Code   RO         6263  * !!!main             c_w.l(__main.o)
    0x08000190   0x08000190   0x00000034   Code   RO         6627    !!!scatter          c_w.l(__scatter.o)
    0x080001c4   0x080001c4   0x0000005a   Code   RO         6625    !!dczerorl2         c_w.l(__dczerorl2.o)
    0x0800021e   0x0800021e   0x00000002   PAD
    0x08000220   0x08000220   0x0000001c   Code   RO         6629    !!handler_zi        c_w.l(__scatter_zi.o)
    0x0800023c   0x0800023c   0x00000002   Code   RO         6492    .ARM.Collect$$libinit$$00000000  c_w.l(libinit.o)
    0x0800023e   0x0800023e   0x00000004   Code   RO         6505    .ARM.Collect$$libinit$$00000001  c_w.l(libinit2.o)
    0x08000242   0x08000242   0x00000000   Code   RO         6508    .ARM.Collect$$libinit$$00000004  c_w.l(libinit2.o)
    0x08000242   0x08000242   0x00000000   Code   RO         6511    .ARM.Collect$$libinit$$0000000A  c_w.l(libinit2.o)
    0x08000242   0x08000242   0x00000000   Code   RO         6513    .ARM.Collect$$libinit$$0000000C  c_w.l(libinit2.o)
    0x08000242   0x08000242   0x00000000   Code   RO         6515    .ARM.Collect$$libinit$$0000000E  c_w.l(libinit2.o)
    0x08000242   0x08000242   0x00000006   Code   RO         6516    .ARM.Collect$$libinit$$0000000F  c_w.l(libinit2.o)
    0x08000248   0x08000248   0x00000000   Code   RO         6518    .ARM.Collect$$libinit$$00000011  c_w.l(libinit2.o)
    0x08000248   0x08000248   0x0000000c   Code   RO         6519    .ARM.Collect$$libinit$$00000012  c_w.l(libinit2.o)
    0x08000254   0x08000254   0x00000000   Code   RO         6520    .ARM.Collect$$libinit$$00000013  c_w.l(libinit2.o)
    0x08000254   0x08000254   0x00000000   Code   RO         6522    .ARM.Collect$$libinit$$00000015  c_w.l(libinit2.o)
    0x08000254   0x08000254   0x00000000   Code   RO         6524    .ARM.Collect$$libinit$$00000017  c_w.l(libinit2.o)
    0x08000254   0x08000254   0x00000000   Code   RO         6526    .ARM.Collect$$libinit$$00000019  c_w.l(libinit2.o)
    0x08000254   0x08000254   0x00000000   Code   RO         6528    .ARM.Collect$$libinit$$0000001B  c_w.l(libinit2.o)
    0x08000254   0x08000254   0x00000000   Code   RO         6530    .ARM.Collect$$libinit$$0000001D  c_w.l(libinit2.o)
    0x08000254   0x08000254   0x00000000   Code   RO         6532    .ARM.Collect$$libinit$$0000001F  c_w.l(libinit2.o)
    0x08000254   0x08000254   0x00000000   Code   RO         6534    .ARM.Collect$$libinit$$00000021  c_w.l(libinit2.o)
    0x08000254   0x08000254   0x00000000   Code   RO         6536    .ARM.Collect$$libinit$$00000023  c_w.l(libinit2.o)
    0x08000254   0x08000254   0x00000000   Code   RO         6538    .ARM.Collect$$libinit$$00000025  c_w.l(libinit2.o)
    0x08000254   0x08000254   0x00000000   Code   RO         6542    .ARM.Collect$$libinit$$0000002C  c_w.l(libinit2.o)
    0x08000254   0x08000254   0x00000000   Code   RO         6544    .ARM.Collect$$libinit$$0000002E  c_w.l(libinit2.o)
    0x08000254   0x08000254   0x00000000   Code   RO         6546    .ARM.Collect$$libinit$$00000030  c_w.l(libinit2.o)
    0x08000254   0x08000254   0x00000000   Code   RO         6548    .ARM.Collect$$libinit$$00000032  c_w.l(libinit2.o)
    0x08000254   0x08000254   0x00000002   Code   RO         6549    .ARM.Collect$$libinit$$00000033  c_w.l(libinit2.o)
    0x08000256   0x08000256   0x00000002   Code   RO         6582    .ARM.Collect$$libshutdown$$00000000  c_w.l(libshutdown.o)
    0x08000258   0x08000258   0x00000000   Code   RO         6608    .ARM.Collect$$libshutdown$$00000002  c_w.l(libshutdown2.o)
    0x08000258   0x08000258   0x00000000   Code   RO         6610    .ARM.Collect$$libshutdown$$00000004  c_w.l(libshutdown2.o)
    0x08000258   0x08000258   0x00000000   Code   RO         6613    .ARM.Collect$$libshutdown$$00000007  c_w.l(libshutdown2.o)
    0x08000258   0x08000258   0x00000000   Code   RO         6616    .ARM.Collect$$libshutdown$$0000000A  c_w.l(libshutdown2.o)
    0x08000258   0x08000258   0x00000000   Code   RO         6618    .ARM.Collect$$libshutdown$$0000000C  c_w.l(libshutdown2.o)
    0x08000258   0x08000258   0x00000000   Code   RO         6621    .ARM.Collect$$libshutdown$$0000000F  c_w.l(libshutdown2.o)
    0x08000258   0x08000258   0x00000002   Code   RO         6622    .ARM.Collect$$libshutdown$$00000010  c_w.l(libshutdown2.o)
    0x0800025a   0x0800025a   0x00000000   Code   RO         6365    .ARM.Collect$$rtentry$$00000000  c_w.l(__rtentry.o)
    0x0800025a   0x0800025a   0x00000000   Code   RO         6441    .ARM.Collect$$rtentry$$00000002  c_w.l(__rtentry2.o)
    0x0800025a   0x0800025a   0x00000006   Code   RO         6453    .ARM.Collect$$rtentry$$00000004  c_w.l(__rtentry4.o)
    0x08000260   0x08000260   0x00000000   Code   RO         6443    .ARM.Collect$$rtentry$$00000009  c_w.l(__rtentry2.o)
    0x08000260   0x08000260   0x00000004   Code   RO         6444    .ARM.Collect$$rtentry$$0000000A  c_w.l(__rtentry2.o)
    0x08000264   0x08000264   0x00000000   Code   RO         6446    .ARM.Collect$$rtentry$$0000000C  c_w.l(__rtentry2.o)
    0x08000264   0x08000264   0x00000008   Code   RO         6447    .ARM.Collect$$rtentry$$0000000D  c_w.l(__rtentry2.o)
    0x0800026c   0x0800026c   0x00000002   Code   RO         6495    .ARM.Collect$$rtexit$$00000000  c_w.l(rtexit.o)
    0x0800026e   0x0800026e   0x00000000   Code   RO         6555    .ARM.Collect$$rtexit$$00000002  c_w.l(rtexit2.o)
    0x0800026e   0x0800026e   0x00000004   Code   RO         6556    .ARM.Collect$$rtexit$$00000003  c_w.l(rtexit2.o)
    0x08000272   0x08000272   0x00000006   Code   RO         6557    .ARM.Collect$$rtexit$$00000004  c_w.l(rtexit2.o)
    0x08000278   0x08000278   0x000000be   Code   RO         6170    .emb_text           port.o
    0x08000336   0x08000336   0x00000002   PAD
    0x08000338   0x08000338   0x00000040   Code   RO            4    .text               startup_stm32f407xx.o
    0x08000378   0x08000378   0x000000ee   Code   RO         6249    .text               c_w.l(lludivv7m.o)
    0x08000466   0x08000466   0x0000001a   Code   RO         6251    .text               c_w.l(atoi.o)
    0x08000480   0x08000480   0x0000008a   Code   RO         6253    .text               c_w.l(rt_memcpy_v6.o)
    0x0800050a   0x0800050a   0x00000064   Code   RO         6255    .text               c_w.l(rt_memcpy_w.o)
    0x0800056e   0x0800056e   0x0000004e   Code   RO         6259    .text               c_w.l(rt_memclr_w.o)
    0x080005bc   0x080005bc   0x00000006   Code   RO         6261    .text               c_w.l(heapauxi.o)
    0x080005c2   0x080005c2   0x00000002   PAD
    0x080005c4   0x080005c4   0x00000008   Code   RO         6373    .text               c_w.l(rt_errno_addr_intlibspace.o)
    0x080005cc   0x080005cc   0x00000016   Code   RO         6375    .text               c_w.l(_rserrno.o)
    0x080005e2   0x080005e2   0x00000070   Code   RO         6377    .text               c_w.l(strtol.o)
    0x08000652   0x08000652   0x00000002   PAD
    0x08000654   0x08000654   0x00000008   Code   RO         6437    .text               c_w.l(libspace.o)
    0x0800065c   0x0800065c   0x00000010   Code   RO         6455    .text               c_w.l(rt_ctype_table.o)
    0x0800066c   0x0800066c   0x0000009e   Code   RO         6459    .text               c_w.l(_strtoul.o)
    0x0800070a   0x0800070a   0x0000004a   Code   RO         6469    .text               c_w.l(sys_stackheap_outer.o)
    0x08000754   0x08000754   0x00000008   Code   RO         6474    .text               c_w.l(rt_locale_intlibspace.o)
    0x0800075c   0x0800075c   0x0000001c   Code   RO         6476    .text               c_w.l(_chval.o)
    0x08000778   0x08000778   0x00000012   Code   RO         6481    .text               c_w.l(exit.o)
    0x0800078a   0x0800078a   0x00000002   PAD
    0x0800078c   0x0800078c   0x00000080   Code   RO         6503    .text               c_w.l(strcmpv7m.o)
    0x0800080c   0x0800080c   0x0000000c   Code   RO         6552    .text               c_w.l(sys_exit.o)
    0x08000818   0x08000818   0x00000002   Code   RO         6571    .text               c_w.l(use_no_semi.o)
    0x0800081a   0x0800081a   0x00000000   Code   RO         6573    .text               c_w.l(indicate_semi.o)
    0x0800081a   0x0800081a   0x00000002   PAD
    0x0800081c   0x0800081c   0x000000b4   Code   RO         4905    i.ATKTDF_DATA_FIFTER  atktdf.o
    0x080008d0   0x080008d0   0x00000134   Code   RO         4906    i.ATKTDF_DATA_analysis  atktdf.o
    0x08000a04   0x08000a04   0x00000014   Code   RO         4907    i.ATKTDF_GET_add    atktdf.o
    0x08000a18   0x08000a18   0x000000c8   Code   RO         4908    i.ATKTDF_Init       atktdf.o
    0x08000ae0   0x08000ae0   0x00000048   Code   RO         4909    i.ATK_tongs_COUNTER  atktdf.o
    0x08000b28   0x08000b28   0x00000002   Code   RO          833    i.BusFault_Handler  stm32f4xx_it.o
    0x08000b2a   0x08000b2a   0x00000002   PAD
    0x08000b2c   0x08000b2c   0x0000000c   Code   RO          834    i.DMA1_Stream1_IRQHandler  stm32f4xx_it.o
    0x08000b38   0x08000b38   0x0000000c   Code   RO          835    i.DMA1_Stream3_IRQHandler  stm32f4xx_it.o
    0x08000b44   0x08000b44   0x0000000c   Code   RO          836    i.DMA1_Stream4_IRQHandler  stm32f4xx_it.o
    0x08000b50   0x08000b50   0x00000014   Code   RO          837    i.DMA1_Stream5_IRQHandler  stm32f4xx_it.o
    0x08000b64   0x08000b64   0x0000000c   Code   RO          838    i.DMA1_Stream6_IRQHandler  stm32f4xx_it.o
    0x08000b70   0x08000b70   0x00000014   Code   RO          839    i.DMA2_Stream1_IRQHandler  stm32f4xx_it.o
    0x08000b84   0x08000b84   0x0000000c   Code   RO          840    i.DMA2_Stream6_IRQHandler  stm32f4xx_it.o
    0x08000b90   0x08000b90   0x00000028   Code   RO         2472    i.DMA_CalcBaseAndBitshift  stm32f4xx_hal_dma.o
    0x08000bb8   0x08000bb8   0x00000054   Code   RO         2473    i.DMA_CheckFifoParam  stm32f4xx_hal_dma.o
    0x08000c0c   0x08000c0c   0x00000028   Code   RO         2474    i.DMA_SetConfig     stm32f4xx_hal_dma.o
    0x08000c34   0x08000c34   0x00000002   Code   RO          841    i.DebugMon_Handler  stm32f4xx_it.o
    0x08000c36   0x08000c36   0x00000006   Code   RO          842    i.EXTI9_5_IRQHandler  stm32f4xx_it.o
    0x08000c3c   0x08000c3c   0x00000034   Code   RO         4455    i.Encoder_Init      encoder.o
    0x08000c70   0x08000c70   0x00000004   Code   RO          351    i.Error_Handler     main.o
    0x08000c74   0x08000c74   0x00000092   Code   RO         2475    i.HAL_DMA_Abort     stm32f4xx_hal_dma.o
    0x08000d06   0x08000d06   0x00000024   Code   RO         2476    i.HAL_DMA_Abort_IT  stm32f4xx_hal_dma.o
    0x08000d2a   0x08000d2a   0x00000002   PAD
    0x08000d2c   0x08000d2c   0x000001a0   Code   RO         2480    i.HAL_DMA_IRQHandler  stm32f4xx_hal_dma.o
    0x08000ecc   0x08000ecc   0x000000d4   Code   RO         2481    i.HAL_DMA_Init      stm32f4xx_hal_dma.o
    0x08000fa0   0x08000fa0   0x0000006e   Code   RO         2485    i.HAL_DMA_Start_IT  stm32f4xx_hal_dma.o
    0x0800100e   0x0800100e   0x00000002   PAD
    0x08001010   0x08001010   0x00000024   Code   RO         2912    i.HAL_Delay         stm32f4xx_hal.o
    0x08001034   0x08001034   0x00000014   Code   RO          352    i.HAL_GPIO_EXTI_Callback  main.o
    0x08001048   0x08001048   0x00000018   Code   RO         2367    i.HAL_GPIO_EXTI_IRQHandler  stm32f4xx_hal_gpio.o
    0x08001060   0x08001060   0x000001f0   Code   RO         2368    i.HAL_GPIO_Init     stm32f4xx_hal_gpio.o
    0x08001250   0x08001250   0x0000000a   Code   RO         2372    i.HAL_GPIO_WritePin  stm32f4xx_hal_gpio.o
    0x0800125a   0x0800125a   0x00000002   PAD
    0x0800125c   0x0800125c   0x0000000c   Code   RO         2918    i.HAL_GetTick       stm32f4xx_hal.o
    0x08001268   0x08001268   0x00000010   Code   RO         2924    i.HAL_IncTick       stm32f4xx_hal.o
    0x08001278   0x08001278   0x00000034   Code   RO         2925    i.HAL_Init          stm32f4xx_hal.o
    0x080012ac   0x080012ac   0x00000098   Code   RO         1001    i.HAL_InitTick      stm32f4xx_hal_timebase_tim.o
    0x08001344   0x08001344   0x00000038   Code   RO          977    i.HAL_MspInit       stm32f4xx_hal_msp.o
    0x0800137c   0x0800137c   0x0000001a   Code   RO         2760    i.HAL_NVIC_EnableIRQ  stm32f4xx_hal_cortex.o
    0x08001396   0x08001396   0x00000002   PAD
    0x08001398   0x08001398   0x00000040   Code   RO         2766    i.HAL_NVIC_SetPriority  stm32f4xx_hal_cortex.o
    0x080013d8   0x080013d8   0x00000024   Code   RO         2767    i.HAL_NVIC_SetPriorityGrouping  stm32f4xx_hal_cortex.o
    0x080013fc   0x080013fc   0x00000134   Code   RO         2014    i.HAL_RCC_ClockConfig  stm32f4xx_hal_rcc.o
    0x08001530   0x08001530   0x00000040   Code   RO         2018    i.HAL_RCC_GetClockConfig  stm32f4xx_hal_rcc.o
    0x08001570   0x08001570   0x00000020   Code   RO         2021    i.HAL_RCC_GetPCLK1Freq  stm32f4xx_hal_rcc.o
    0x08001590   0x08001590   0x00000020   Code   RO         2022    i.HAL_RCC_GetPCLK2Freq  stm32f4xx_hal_rcc.o
    0x080015b0   0x080015b0   0x00000064   Code   RO         2023    i.HAL_RCC_GetSysClockFreq  stm32f4xx_hal_rcc.o
    0x08001614   0x08001614   0x0000036c   Code   RO         2026    i.HAL_RCC_OscConfig  stm32f4xx_hal_rcc.o
    0x08001980   0x08001980   0x000000bc   Code   RO         3174    i.HAL_SPI_Init      stm32f4xx_hal_spi.o
    0x08001a3c   0x08001a3c   0x0000006c   Code   RO          615    i.HAL_SPI_MspInit   spi.o
    0x08001aa8   0x08001aa8   0x000001f0   Code   RO         3183    i.HAL_SPI_TransmitReceive  stm32f4xx_hal_spi.o
    0x08001c98   0x08001c98   0x00000002   Code   RO         1746    i.HAL_TIMEx_BreakCallback  stm32f4xx_hal_tim_ex.o
    0x08001c9a   0x08001c9a   0x00000002   Code   RO         1747    i.HAL_TIMEx_CommutCallback  stm32f4xx_hal_tim_ex.o
    0x08001c9c   0x08001c9c   0x00000054   Code   RO         1749    i.HAL_TIMEx_ConfigBreakDeadTime  stm32f4xx_hal_tim_ex.o
    0x08001cf0   0x08001cf0   0x00000090   Code   RO         1765    i.HAL_TIMEx_MasterConfigSynchronization  stm32f4xx_hal_tim_ex.o
    0x08001d80   0x08001d80   0x0000005a   Code   RO         1042    i.HAL_TIM_Base_Init  stm32f4xx_hal_tim.o
    0x08001dda   0x08001dda   0x00000002   PAD
    0x08001ddc   0x08001ddc   0x00000040   Code   RO          657    i.HAL_TIM_Base_MspInit  tim.o
    0x08001e1c   0x08001e1c   0x00000080   Code   RO         1047    i.HAL_TIM_Base_Start_IT  stm32f4xx_hal_tim.o
    0x08001e9c   0x08001e9c   0x000000a4   Code   RO         1063    i.HAL_TIM_Encoder_Init  stm32f4xx_hal_tim.o
    0x08001f40   0x08001f40   0x000000a4   Code   RO          659    i.HAL_TIM_Encoder_MspInit  tim.o
    0x08001fe4   0x08001fe4   0x0000008e   Code   RO         1066    i.HAL_TIM_Encoder_Start  stm32f4xx_hal_tim.o
    0x08002072   0x08002072   0x00000002   Code   RO         1076    i.HAL_TIM_IC_CaptureCallback  stm32f4xx_hal_tim.o
    0x08002074   0x08002074   0x00000130   Code   RO         1090    i.HAL_TIM_IRQHandler  stm32f4xx_hal_tim.o
    0x080021a4   0x080021a4   0x0000011c   Code   RO          660    i.HAL_TIM_MspPostInit  tim.o
    0x080022c0   0x080022c0   0x00000002   Code   RO         1093    i.HAL_TIM_OC_DelayElapsedCallback  stm32f4xx_hal_tim.o
    0x080022c2   0x080022c2   0x000000cc   Code   RO         1114    i.HAL_TIM_PWM_ConfigChannel  stm32f4xx_hal_tim.o
    0x0800238e   0x0800238e   0x0000005a   Code   RO         1117    i.HAL_TIM_PWM_Init  stm32f4xx_hal_tim.o
    0x080023e8   0x080023e8   0x00000068   Code   RO          662    i.HAL_TIM_PWM_MspInit  tim.o
    0x08002450   0x08002450   0x00000002   Code   RO         1120    i.HAL_TIM_PWM_PulseFinishedCallback  stm32f4xx_hal_tim.o
    0x08002452   0x08002452   0x00000002   PAD
    0x08002454   0x08002454   0x000000c8   Code   RO         1122    i.HAL_TIM_PWM_Start  stm32f4xx_hal_tim.o
    0x0800251c   0x0800251c   0x00000014   Code   RO          353    i.HAL_TIM_PeriodElapsedCallback  main.o
    0x08002530   0x08002530   0x00000002   Code   RO         1133    i.HAL_TIM_TriggerCallback  stm32f4xx_hal_tim.o
    0x08002532   0x08002532   0x00000002   Code   RO         3497    i.HAL_UARTEx_RxEventCallback  stm32f4xx_hal_uart.o
    0x08002534   0x08002534   0x00000070   Code   RO         3509    i.HAL_UART_DMAStop  stm32f4xx_hal_uart.o
    0x080025a4   0x080025a4   0x00000002   Code   RO         3511    i.HAL_UART_ErrorCallback  stm32f4xx_hal_uart.o
    0x080025a6   0x080025a6   0x00000002   PAD
    0x080025a8   0x080025a8   0x00000270   Code   RO         3514    i.HAL_UART_IRQHandler  stm32f4xx_hal_uart.o
    0x08002818   0x08002818   0x00000064   Code   RO         3515    i.HAL_UART_Init     stm32f4xx_hal_uart.o
    0x0800287c   0x0800287c   0x00000374   Code   RO          771    i.HAL_UART_MspInit  usart.o
    0x08002bf0   0x08002bf0   0x0000001c   Code   RO         3519    i.HAL_UART_Receive_DMA  stm32f4xx_hal_uart.o
    0x08002c0c   0x08002c0c   0x0000001c   Code   RO         3520    i.HAL_UART_Receive_IT  stm32f4xx_hal_uart.o
    0x08002c28   0x08002c28   0x00000020   Code   RO          354    i.HAL_UART_RxCpltCallback  main.o
    0x08002c48   0x08002c48   0x00000002   Code   RO         3522    i.HAL_UART_RxHalfCpltCallback  stm32f4xx_hal_uart.o
    0x08002c4a   0x08002c4a   0x00000002   PAD
    0x08002c4c   0x08002c4c   0x00000078   Code   RO         3524    i.HAL_UART_Transmit_DMA  stm32f4xx_hal_uart.o
    0x08002cc4   0x08002cc4   0x00000002   Code   RO         3526    i.HAL_UART_TxCpltCallback  stm32f4xx_hal_uart.o
    0x08002cc6   0x08002cc6   0x00000002   Code   RO         3527    i.HAL_UART_TxHalfCpltCallback  stm32f4xx_hal_uart.o
    0x08002cc8   0x08002cc8   0x0000002c   Code   RO         4674    i.HWT101_USART_Init  my_usart.o
    0x08002cf4   0x08002cf4   0x00000098   Code   RO         4222    i.HWT101_data_reduction  hwt101.o
    0x08002d8c   0x08002d8c   0x00000040   Code   RO         4224    i.HWT101_z_zero     hwt101.o
    0x08002dcc   0x08002dcc   0x00000002   Code   RO          843    i.HardFault_Handler  stm32f4xx_it.o
    0x08002dce   0x08002dce   0x00000002   PAD
    0x08002dd0   0x08002dd0   0x00000140   Code   RO         3851    i.JY901_Process     jy901.o
    0x08002f10   0x08002f10   0x00000010   Code   RO         4760    i.LED_ON            led.o
    0x08002f20   0x08002f20   0x00000118   Code   RO         4081    i.Location_GO_EYSE  location.o
    0x08003038   0x08003038   0x0000003c   Code   RO         4087    i.Location_go_home  location.o
    0x08003074   0x08003074   0x000000ac   Code   RO         4090    i.Location_turn_PID  location.o
    0x08003120   0x08003120   0x0000009c   Code   RO          590    i.MX_DMA_Init       dma.o
    0x080031bc   0x080031bc   0x00000094   Code   RO          504    i.MX_FREERTOS_Init  freertos.o
    0x08003250   0x08003250   0x0000014c   Code   RO          480    i.MX_GPIO_Init      gpio.o
    0x0800339c   0x0800339c   0x00000048   Code   RO          616    i.MX_SPI2_Init      spi.o
    0x080033e4   0x080033e4   0x00000068   Code   RO          663    i.MX_TIM10_Init     tim.o
    0x0800344c   0x0800344c   0x0000006c   Code   RO          664    i.MX_TIM11_Init     tim.o
    0x080034b8   0x080034b8   0x000000b4   Code   RO          665    i.MX_TIM1_Init      tim.o
    0x0800356c   0x0800356c   0x00000074   Code   RO          666    i.MX_TIM2_Init      tim.o
    0x080035e0   0x080035e0   0x0000006c   Code   RO          667    i.MX_TIM3_Init      tim.o
    0x0800364c   0x0800364c   0x0000006c   Code   RO          668    i.MX_TIM4_Init      tim.o
    0x080036b8   0x080036b8   0x000000a8   Code   RO          669    i.MX_TIM8_Init      tim.o
    0x08003760   0x08003760   0x00000074   Code   RO          670    i.MX_TIM9_Init      tim.o
    0x080037d4   0x080037d4   0x00000044   Code   RO          772    i.MX_UART4_Init     usart.o
    0x08003818   0x08003818   0x00000050   Code   RO          773    i.MX_USART2_UART_Init  usart.o
    0x08003868   0x08003868   0x00000050   Code   RO          774    i.MX_USART3_UART_Init  usart.o
    0x080038b8   0x080038b8   0x00000050   Code   RO          775    i.MX_USART6_UART_Init  usart.o
    0x08003908   0x08003908   0x00000002   Code   RO          844    i.MemManage_Handler  stm32f4xx_it.o
    0x0800390a   0x0800390a   0x00000002   PAD
    0x0800390c   0x0800390c   0x00000060   Code   RO         4390    i.Motor_370_L       motor.o
    0x0800396c   0x0800396c   0x00000060   Code   RO         4391    i.Motor_370_R       motor.o
    0x080039cc   0x080039cc   0x00000006   Code   RO         4392    i.Motor_370_advance  motor.o
    0x080039d2   0x080039d2   0x00000034   Code   RO         4393    i.Motor_370_respectively  motor.o
    0x08003a06   0x08003a06   0x00000008   Code   RO         4394    i.Motor_370_stop    motor.o
    0x08003a0e   0x08003a0e   0x00000002   PAD
    0x08003a10   0x08003a10   0x0000001c   Code   RO         4395    i.Motor_Init        motor.o
    0x08003a2c   0x08003a2c   0x00000002   Code   RO          845    i.NMI_Handler       stm32f4xx_it.o
    0x08003a2e   0x08003a2e   0x00000002   PAD
    0x08003a30   0x08003a30   0x00000048   Code   RO         3909    i.NRF24L01_Check    nrf.o
    0x08003a78   0x08003a78   0x00000068   Code   RO         3910    i.NRF24L01_RX_Mode  nrf.o
    0x08003ae0   0x08003ae0   0x00000054   Code   RO         3911    i.NRF24L01_Read_Buf  nrf.o
    0x08003b34   0x08003b34   0x0000003c   Code   RO         3912    i.NRF24L01_Read_Reg  nrf.o
    0x08003b70   0x08003b70   0x00000032   Code   RO         3913    i.NRF24L01_RxPacket  nrf.o
    0x08003ba2   0x08003ba2   0x00000002   PAD
    0x08003ba4   0x08003ba4   0x00000058   Code   RO         3916    i.NRF24L01_Write_Buf  nrf.o
    0x08003bfc   0x08003bfc   0x00000044   Code   RO         3917    i.NRF24L01_Write_Reg  nrf.o
    0x08003c40   0x08003c40   0x00000030   Code   RO          193    i.NRF_BUFFER_Init   nrf_counter.o
    0x08003c70   0x08003c70   0x000001b4   Code   RO          194    i.NRF_COUNTER_LEFT  nrf_counter.o
    0x08003e24   0x08003e24   0x0000007c   Code   RO          195    i.NRF_COUNTER_RIGHT  nrf_counter.o
    0x08003ea0   0x08003ea0   0x00000040   Code   RO          196    i.NRF_COUNTER_START  nrf_counter.o
    0x08003ee0   0x08003ee0   0x00000028   Code   RO          197    i.NRF_KEY6          nrf_counter.o
    0x08003f08   0x08003f08   0x00000020   Code   RO         3919    i.NRF_decide        nrf.o
    0x08003f28   0x08003f28   0x00000184   Code   RO         3920    i.NRF_dispose       nrf.o
    0x080040ac   0x080040ac   0x0000007c   Code   RO         4010    i.OPENMV_DATA_FITER  pid_counter.o
    0x08004128   0x08004128   0x0000012c   Code   RO         4011    i.OPENMV_PID_COUNTER  pid_counter.o
    0x08004254   0x08004254   0x000001ec   Code   RO          266    i.OPENMV_SPORT_TASK  openmv_counter.o
    0x08004440   0x08004440   0x00000034   Code   RO         4702    i.PositionPID       pid.o
    0x08004474   0x08004474   0x00000038   Code   RO         4457    i.READ_SPEED        encoder.o
    0x080044ac   0x080044ac   0x0000000c   Code   RO         4458    i.Read_Speed        encoder.o
    0x080044b8   0x080044b8   0x000000bc   Code   RO         4012    i.SPEED_PID         pid_counter.o
    0x08004574   0x08004574   0x0000006c   Code   RO         3212    i.SPI_EndRxTxTransaction  stm32f4xx_hal_spi.o
    0x080045e0   0x080045e0   0x000000b8   Code   RO         3217    i.SPI_WaitFlagStateUntilTimeout  stm32f4xx_hal_spi.o
    0x08004698   0x08004698   0x00000020   Code   RO         3921    i.SPIx_ReadWriteByte  nrf.o
    0x080046b8   0x080046b8   0x00000010   Code   RO         4514    i.Steering_Camara_below  steering.o
    0x080046c8   0x080046c8   0x00000010   Code   RO         4515    i.Steering_Camara_below_more  steering.o
    0x080046d8   0x080046d8   0x00000010   Code   RO         4516    i.Steering_Camara_up  steering.o
    0x080046e8   0x080046e8   0x0000004c   Code   RO         4517    i.Steering_Init     steering.o
    0x08004734   0x08004734   0x00000014   Code   RO         4518    i.Steering_frame_below  steering.o
    0x08004748   0x08004748   0x00000020   Code   RO         4521    i.Steering_frame_up  steering.o
    0x08004768   0x08004768   0x0000001c   Code   RO         4523    i.Steering_tongs_close  steering.o
    0x08004784   0x08004784   0x0000001c   Code   RO         4525    i.Steering_tongs_loosen  steering.o
    0x080047a0   0x080047a0   0x0000001c   Code   RO         4526    i.Steering_tongs_loosen_slight  steering.o
    0x080047bc   0x080047bc   0x0000002c   Code   RO         6171    i.SysTick_Handler   port.o
    0x080047e8   0x080047e8   0x00000094   Code   RO          355    i.SystemClock_Config  main.o
    0x0800487c   0x0800487c   0x00000010   Code   RO         4353    i.SystemInit        system_stm32f4xx.o
    0x0800488c   0x0800488c   0x0000000c   Code   RO          846    i.TIM5_IRQHandler   stm32f4xx_it.o
    0x08004898   0x08004898   0x000000d8   Code   RO         1135    i.TIM_Base_SetConfig  stm32f4xx_hal_tim.o
    0x08004970   0x08004970   0x0000001a   Code   RO         1136    i.TIM_CCxChannelCmd  stm32f4xx_hal_tim.o
    0x0800498a   0x0800498a   0x00000002   PAD
    0x0800498c   0x0800498c   0x00000060   Code   RO         1148    i.TIM_OC1_SetConfig  stm32f4xx_hal_tim.o
    0x080049ec   0x080049ec   0x0000006c   Code   RO         1149    i.TIM_OC2_SetConfig  stm32f4xx_hal_tim.o
    0x08004a58   0x08004a58   0x00000068   Code   RO         1150    i.TIM_OC3_SetConfig  stm32f4xx_hal_tim.o
    0x08004ac0   0x08004ac0   0x00000050   Code   RO         1151    i.TIM_OC4_SetConfig  stm32f4xx_hal_tim.o
    0x08004b10   0x08004b10   0x00000068   Code   RO          847    i.UART4_IRQHandler  stm32f4xx_it.o
    0x08004b78   0x08004b78   0x00000010   Code   RO          505    i.UARTTASK          freertos.o
    0x08004b88   0x08004b88   0x00000010   Code   RO         3528    i.UART_DMAAbortOnError  stm32f4xx_hal_uart.o
    0x08004b98   0x08004b98   0x0000004a   Code   RO         3529    i.UART_DMAError     stm32f4xx_hal_uart.o
    0x08004be2   0x08004be2   0x00000086   Code   RO         3530    i.UART_DMAReceiveCplt  stm32f4xx_hal_uart.o
    0x08004c68   0x08004c68   0x0000001e   Code   RO         3532    i.UART_DMARxHalfCplt  stm32f4xx_hal_uart.o
    0x08004c86   0x08004c86   0x00000042   Code   RO         3534    i.UART_DMATransmitCplt  stm32f4xx_hal_uart.o
    0x08004cc8   0x08004cc8   0x0000000a   Code   RO         3536    i.UART_DMATxHalfCplt  stm32f4xx_hal_uart.o
    0x08004cd2   0x08004cd2   0x0000004e   Code   RO         3538    i.UART_EndRxTransfer  stm32f4xx_hal_uart.o
    0x08004d20   0x08004d20   0x0000001c   Code   RO         3539    i.UART_EndTxTransfer  stm32f4xx_hal_uart.o
    0x08004d3c   0x08004d3c   0x000000c2   Code   RO         3540    i.UART_Receive_IT   stm32f4xx_hal_uart.o
    0x08004dfe   0x08004dfe   0x00000002   PAD
    0x08004e00   0x08004e00   0x0000010c   Code   RO         3541    i.UART_SetConfig    stm32f4xx_hal_uart.o
    0x08004f0c   0x08004f0c   0x00000090   Code   RO         3542    i.UART_Start_Receive_DMA  stm32f4xx_hal_uart.o
    0x08004f9c   0x08004f9c   0x00000036   Code   RO         3543    i.UART_Start_Receive_IT  stm32f4xx_hal_uart.o
    0x08004fd2   0x08004fd2   0x00000002   PAD
    0x08004fd4   0x08004fd4   0x00000060   Code   RO          848    i.USART2_IRQHandler  stm32f4xx_it.o
    0x08005034   0x08005034   0x000000b0   Code   RO          849    i.USART3_IRQHandler  stm32f4xx_it.o
    0x080050e4   0x080050e4   0x00000054   Code   RO          850    i.USART6_IRQHandler  stm32f4xx_it.o
    0x08005138   0x08005138   0x00000002   Code   RO          851    i.UsageFault_Handler  stm32f4xx_it.o
    0x0800513a   0x0800513a   0x0000001a   Code   RO         4675    i.User_USART_Init   my_usart.o
    0x08005154   0x08005154   0x00000060   Code   RO          506    i.XANDYGETTASKs     freertos.o
    0x080051b4   0x080051b4   0x000001a4   Code   RO         4091    i.X_AND_Y_GET       location.o
    0x08005358   0x08005358   0x00000080   Code   RO         4013    i.YAW_PID           pid_counter.o
    0x080053d8   0x080053d8   0x00000030   Code   RO         6421    i.__ARM_fpclassify  m_wm.l(fpclassify.o)
    0x08005408   0x08005408   0x00000020   Code   RO         2773    i.__NVIC_SetPriority  stm32f4xx_hal_cortex.o
    0x08005428   0x08005428   0x000002d8   Code   RO         6289    i.__hardfp_atan     m_wm.l(atan.o)
    0x08005700   0x08005700   0x000001f0   Code   RO         6303    i.__hardfp_atan2    m_wm.l(atan2.o)
    0x080058f0   0x080058f0   0x000000c8   Code   RO         6315    i.__hardfp_cos      m_wm.l(cos.o)
    0x080059b8   0x080059b8   0x000000c8   Code   RO         6341    i.__hardfp_sin      m_wm.l(sin.o)
    0x08005a80   0x08005a80   0x00000438   Code   RO         6426    i.__ieee754_rem_pio2  m_wm.l(rred.o)
    0x08005eb8   0x08005eb8   0x00000170   Code   RO         6398    i.__kernel_cos      m_wm.l(cos_i.o)
    0x08006028   0x08006028   0x000000f8   Code   RO         6423    i.__kernel_poly     m_wm.l(poly.o)
    0x08006120   0x08006120   0x00000130   Code   RO         6431    i.__kernel_sin      m_wm.l(sin_i.o)
    0x08006250   0x08006250   0x00000014   Code   RO         6402    i.__mathlib_dbl_infnan  m_wm.l(dunder.o)
    0x08006264   0x08006264   0x00000014   Code   RO         6403    i.__mathlib_dbl_infnan2  m_wm.l(dunder.o)
    0x08006278   0x08006278   0x00000020   Code   RO         6404    i.__mathlib_dbl_invalid  m_wm.l(dunder.o)
    0x08006298   0x08006298   0x00000020   Code   RO         6407    i.__mathlib_dbl_underflow  m_wm.l(dunder.o)
    0x080062b8   0x080062b8   0x00000010   Code   RO         6291    i.atan              m_wm.l(atan.o)
    0x080062c8   0x080062c8   0x000000e4   Code   RO         4014    i.direction_PID     pid_counter.o
    0x080063ac   0x080063ac   0x00000018   Code   RO         6417    i.fabs              m_wm.l(fabs.o)
    0x080063c4   0x080063c4   0x00000098   Code   RO         4095    i.location_goto_point  location.o
    0x0800645c   0x0800645c   0x000000ec   Code   RO         4096    i.location_miidle_turn_common  location.o
    0x08006548   0x08006548   0x0000009c   Code   RO          356    i.main              main.o
    0x080065e4   0x080065e4   0x0000000c   Code   RO         5736    i.makeFreeRtosPriority  cmsis_os.o
    0x080065f0   0x080065f0   0x00000030   Code   RO          507    i.normal            freertos.o
    0x08006620   0x08006620   0x00000014   Code   RO         4268    i.openmv_data_Init  openmv.o
    0x08006634   0x08006634   0x0000017c   Code   RO         4269    i.openmv_data_get   openmv.o
    0x080067b0   0x080067b0   0x00000030   Code   RO          508    i.openmvcounter     freertos.o
    0x080067e0   0x080067e0   0x0000000a   Code   RO         5741    i.osKernelStart     cmsis_os.o
    0x080067ea   0x080067ea   0x00000010   Code   RO         5756    i.osMutexCreate     cmsis_os.o
    0x080067fa   0x080067fa   0x00000054   Code   RO         5775    i.osThreadCreate    cmsis_os.o
    0x0800684e   0x0800684e   0x00000002   PAD
    0x08006850   0x08006850   0x00000010   Code   RO         4704    i.position_pid_for_SPEED  pid.o
    0x08006860   0x08006860   0x00000010   Code   RO         4705    i.position_pid_for_openmv  pid.o
    0x08006870   0x08006870   0x00000010   Code   RO         4706    i.position_pid_for_turn  pid.o
    0x08006880   0x08006880   0x00000010   Code   RO         4707    i.position_pid_for_yaw  pid.o
    0x08006890   0x08006890   0x00000070   Code   RO         5418    i.prvAddCurrentTaskToDelayedList  tasks.o
    0x08006900   0x08006900   0x000000d0   Code   RO         5419    i.prvAddNewTaskToReadyList  tasks.o
    0x080069d0   0x080069d0   0x0000006c   Code   RO         5101    i.prvCopyDataToQueue  queue.o
    0x08006a3c   0x08006a3c   0x00000034   Code   RO         5420    i.prvDeleteTCB      tasks.o
    0x08006a70   0x08006a70   0x0000004c   Code   RO         6103    i.prvHeapInit       heap_4.o
    0x08006abc   0x08006abc   0x00000060   Code   RO         5421    i.prvIdleTask       tasks.o
    0x08006b1c   0x08006b1c   0x00000016   Code   RO         5102    i.prvInitialiseMutex  queue.o
    0x08006b32   0x08006b32   0x00000016   Code   RO         5103    i.prvInitialiseNewQueue  queue.o
    0x08006b48   0x08006b48   0x00000098   Code   RO         5422    i.prvInitialiseNewTask  tasks.o
    0x08006be0   0x08006be0   0x0000004c   Code   RO         6104    i.prvInsertBlockIntoFreeList  heap_4.o
    0x08006c2c   0x08006c2c   0x0000001c   Code   RO         5104    i.prvIsQueueEmpty   queue.o
    0x08006c48   0x08006c48   0x00000020   Code   RO         5423    i.prvResetNextTaskUnblockTime  tasks.o
    0x08006c68   0x08006c68   0x00000028   Code   RO         6172    i.prvTaskExitError  port.o
    0x08006c90   0x08006c90   0x00000034   Code   RO         5424    i.prvTaskIsTaskSuspended  tasks.o
    0x08006cc4   0x08006cc4   0x0000006a   Code   RO         5105    i.prvUnlockQueue    queue.o
    0x08006d2e   0x08006d2e   0x00000002   PAD
    0x08006d30   0x08006d30   0x000000dc   Code   RO         6105    i.pvPortMalloc      heap_4.o
    0x08006e0c   0x08006e0c   0x00000018   Code   RO         5425    i.pvTaskIncrementMutexHeldCount  tasks.o
    0x08006e24   0x08006e24   0x0000002c   Code   RO         6173    i.pxPortInitialiseStack  port.o
    0x08006e50   0x08006e50   0x00000018   Code   RO          509    i.remotecontrolTASK  freertos.o
    0x08006e68   0x08006e68   0x00000004   Code   RO         4016    i.straight_line     pid_counter.o
    0x08006e6c   0x08006e6c   0x00000026   Code   RO         5060    i.uxListRemove      list.o
    0x08006e92   0x08006e92   0x00000002   PAD
    0x08006e94   0x08006e94   0x00000014   Code   RO          510    i.vApplicationGetIdleTaskMemory  freertos.o
    0x08006ea8   0x08006ea8   0x00000016   Code   RO         5061    i.vListInitialise   list.o
    0x08006ebe   0x08006ebe   0x00000006   Code   RO         5062    i.vListInitialiseItem  list.o
    0x08006ec4   0x08006ec4   0x00000030   Code   RO         5063    i.vListInsert       list.o
    0x08006ef4   0x08006ef4   0x00000018   Code   RO         5064    i.vListInsertEnd    list.o
    0x08006f0c   0x08006f0c   0x00000040   Code   RO         6175    i.vPortEnterCritical  port.o
    0x08006f4c   0x08006f4c   0x00000028   Code   RO         6176    i.vPortExitCritical  port.o
    0x08006f74   0x08006f74   0x00000064   Code   RO         6106    i.vPortFree         heap_4.o
    0x08006fd8   0x08006fd8   0x00000024   Code   RO         6177    i.vPortSetupTimerInterrupt  port.o
    0x08006ffc   0x08006ffc   0x0000004c   Code   RO         5432    i.vTaskDelay        tasks.o
    0x08007048   0x08007048   0x00000010   Code   RO         5435    i.vTaskInternalSetTimeOutState  tasks.o
    0x08007058   0x08007058   0x0000000c   Code   RO         5436    i.vTaskMissedYield  tasks.o
    0x08007064   0x08007064   0x00000030   Code   RO         5438    i.vTaskPlaceOnEventList  tasks.o
    0x08007094   0x08007094   0x000000a0   Code   RO         5440    i.vTaskPriorityDisinheritAfterTimeout  tasks.o
    0x08007134   0x08007134   0x0000007c   Code   RO         5443    i.vTaskResume       tasks.o
    0x080071b0   0x080071b0   0x0000006c   Code   RO         5445    i.vTaskStartScheduler  tasks.o
    0x0800721c   0x0800721c   0x000000bc   Code   RO         5446    i.vTaskSuspend      tasks.o
    0x080072d8   0x080072d8   0x00000010   Code   RO         5447    i.vTaskSuspendAll   tasks.o
    0x080072e8   0x080072e8   0x0000005c   Code   RO         5448    i.vTaskSwitchContext  tasks.o
    0x08007344   0x08007344   0x000000f4   Code   RO         6179    i.xPortStartScheduler  port.o
    0x08007438   0x08007438   0x00000016   Code   RO         5112    i.xQueueCreateMutex  queue.o
    0x0800744e   0x0800744e   0x0000001a   Code   RO         5113    i.xQueueCreateMutexStatic  queue.o
    0x08007468   0x08007468   0x00000042   Code   RO         5114    i.xQueueGenericCreate  queue.o
    0x080074aa   0x080074aa   0x00000066   Code   RO         5115    i.xQueueGenericCreateStatic  queue.o
    0x08007510   0x08007510   0x00000088   Code   RO         5116    i.xQueueGenericReset  queue.o
    0x08007598   0x08007598   0x00000160   Code   RO         5117    i.xQueueGenericSend  queue.o
    0x080076f8   0x080076f8   0x00000178   Code   RO         5126    i.xQueueSemaphoreTake  queue.o
    0x08007870   0x08007870   0x00000074   Code   RO         5450    i.xTaskCheckForTimeOut  tasks.o
    0x080078e4   0x080078e4   0x0000005a   Code   RO         5451    i.xTaskCreate       tasks.o
    0x0800793e   0x0800793e   0x00000056   Code   RO         5452    i.xTaskCreateStatic  tasks.o
    0x08007994   0x08007994   0x0000001c   Code   RO         5456    i.xTaskGetSchedulerState  tasks.o
    0x080079b0   0x080079b0   0x000000cc   Code   RO         5459    i.xTaskIncrementTick  tasks.o
    0x08007a7c   0x08007a7c   0x00000098   Code   RO         5462    i.xTaskPriorityDisinherit  tasks.o
    0x08007b14   0x08007b14   0x0000008c   Code   RO         5463    i.xTaskPriorityInherit  tasks.o
    0x08007ba0   0x08007ba0   0x00000074   Code   RO         5464    i.xTaskRemoveFromEventList  tasks.o
    0x08007c14   0x08007c14   0x000000c4   Code   RO         5465    i.xTaskResumeAll    tasks.o
    0x08007cd8   0x08007cd8   0x0000002c   Code   RO         6479    locale$$code        c_w.l(lc_ctype_c.o)
    0x08007d04   0x08007d04   0x00000018   Code   RO         6265    x$fpl$basic         fz_wm.l(basic.o)
    0x08007d1c   0x08007d1c   0x00000062   Code   RO         6267    x$fpl$d2f           fz_wm.l(d2f.o)
    0x08007d7e   0x08007d7e   0x00000002   PAD
    0x08007d80   0x08007d80   0x00000150   Code   RO         6269    x$fpl$dadd          fz_wm.l(daddsub_clz.o)
    0x08007ed0   0x08007ed0   0x000002b0   Code   RO         6276    x$fpl$ddiv          fz_wm.l(ddiv.o)
    0x08008180   0x08008180   0x0000005e   Code   RO         6465    x$fpl$dfix          fz_wm.l(dfix.o)
    0x080081de   0x080081de   0x0000002e   Code   RO         6280    x$fpl$dflt          fz_wm.l(dflt_clz.o)
    0x0800820c   0x0800820c   0x00000026   Code   RO         6279    x$fpl$dfltu         fz_wm.l(dflt_clz.o)
    0x08008232   0x08008232   0x00000002   PAD
    0x08008234   0x08008234   0x00000154   Code   RO         6285    x$fpl$dmul          fz_wm.l(dmul.o)
    0x08008388   0x08008388   0x0000009c   Code   RO         6383    x$fpl$dnaninf       fz_wm.l(dnaninf.o)
    0x08008424   0x08008424   0x0000000c   Code   RO         6385    x$fpl$dretinf       fz_wm.l(dretinf.o)
    0x08008430   0x08008430   0x00000016   Code   RO         6270    x$fpl$drsb          fz_wm.l(daddsub_clz.o)
    0x08008446   0x08008446   0x00000002   PAD
    0x08008448   0x08008448   0x000001d4   Code   RO         6271    x$fpl$dsub          fz_wm.l(daddsub_clz.o)
    0x0800861c   0x0800861c   0x00000056   Code   RO         6287    x$fpl$f2d           fz_wm.l(f2d.o)
    0x08008672   0x08008672   0x0000008c   Code   RO         6391    x$fpl$fnaninf       fz_wm.l(fnaninf.o)
    0x080086fe   0x080086fe   0x0000000a   Code   RO         6567    x$fpl$fpinit        fz_wm.l(fpinit.o)
    0x08008708   0x08008708   0x0000000a   Code   RO         6393    x$fpl$fretinf       fz_wm.l(fretinf.o)
    0x08008712   0x08008712   0x00000000   Code   RO         6397    x$fpl$usenofp       fz_wm.l(usenofp.o)
    0x08008712   0x08008712   0x00000002   PAD
    0x08008714   0x08008714   0x00000094   Data   RO          512    .constdata          freertos.o
    0x080087a8   0x080087a8   0x00000008   Data   RO         2487    .constdata          stm32f4xx_hal_dma.o
    0x080087b0   0x080087b0   0x0000000a   Data   RO         3923    .constdata          nrf.o
    0x080087ba   0x080087ba   0x00000010   Data   RO         4354    .constdata          system_stm32f4xx.o
    0x080087ca   0x080087ca   0x00000008   Data   RO         4355    .constdata          system_stm32f4xx.o
    0x080087d2   0x080087d2   0x00000006   PAD
    0x080087d8   0x080087d8   0x00000098   Data   RO         6292    .constdata          m_wm.l(atan.o)
    0x08008870   0x08008870   0x00000030   Data   RO         6399    .constdata          m_wm.l(cos_i.o)
    0x080088a0   0x080088a0   0x00000008   Data   RO         6425    .constdata          m_wm.l(qnan.o)
    0x080088a8   0x080088a8   0x000000c8   Data   RO         6428    .constdata          m_wm.l(rred.o)
    0x08008970   0x08008970   0x00000028   Data   RO         6432    .constdata          m_wm.l(sin_i.o)
    0x08008998   0x08008998   0x00000039   Data   RO          513    .conststring        freertos.o
    0x080089d1   0x080089d1   0x00000003   PAD
    0x080089d4   0x080089d4   0x00000020   Data   RO         6623    Region$$Table       anon$$obj.o
    0x080089f4   0x080089f4   0x00000110   Data   RO         6478    locale$$data        c_w.l(lc_ctype_c.o)


    Execution Region RW_IRAM1 (Exec base: 0x20000000, Load base: 0x08008b04, Size: 0x00007060, Max: 0x0001c000, ABSOLUTE, COMPRESSED[0x000000d4])

    Exec Addr    Load Addr    Size         Type   Attr      Idx    E Section Name        Object

    0x20000000   COMPRESSED   0x00000020   Data   RW          198    .data               nrf_counter.o
    0x20000020   COMPRESSED   0x00000020   Data   RW          271    .data               openmv_counter.o
    0x20000040   COMPRESSED   0x00000004   Data   RW          274    .data               openmv_counter.o
    0x20000044   COMPRESSED   0x00000004   Data   RW          275    .data               openmv_counter.o
    0x20000048   COMPRESSED   0x00000004   Data   RW          361    .data               main.o
    0x2000004c   COMPRESSED   0x00000004   Data   RW          362    .data               main.o
    0x20000050   COMPRESSED   0x00000004   Data   RW          365    .data               main.o
    0x20000054   COMPRESSED   0x00000028   Data   RW          514    .data               freertos.o
    0x2000007c   COMPRESSED   0x00000001   Data   RW          777    .data               usart.o
    0x2000007d   COMPRESSED   0x00000001   Data   RW          778    .data               usart.o
    0x2000007e   COMPRESSED   0x00000002   PAD
    0x20000080   COMPRESSED   0x00000014   Data   RW          853    .data               stm32f4xx_it.o
    0x20000094   COMPRESSED   0x0000000c   Data   RW         2932    .data               stm32f4xx_hal.o
    0x200000a0   COMPRESSED   0x00000034   Data   RW         3857    .data               jy901.o
    0x200000d4   COMPRESSED   0x00000015   Data   RW         3924    .data               nrf.o
    0x200000e9   COMPRESSED   0x00000003   PAD
    0x200000ec   COMPRESSED   0x0000004c   Data   RW         4018    .data               pid_counter.o
    0x20000138   COMPRESSED   0x00000f1c   Data   RW         4099    .data               location.o
    0x20001054   COMPRESSED   0x00000014   Data   RW         4226    .data               hwt101.o
    0x20001068   COMPRESSED   0x0000000c   Data   RW         4282    .data               openmv.o
    0x20001074   COMPRESSED   0x00000004   Data   RW         4356    .data               system_stm32f4xx.o
    0x20001078   COMPRESSED   0x00000004   Data   RW         4529    .data               steering.o
    0x2000107c   COMPRESSED   0x00000040   Data   RW         4710    .data               pid.o
    0x200010bc   COMPRESSED   0x0000002f   Data   RW         4914    .data               atktdf.o
    0x200010eb   COMPRESSED   0x00000001   PAD
    0x200010ec   COMPRESSED   0x0000003c   Data   RW         5468    .data               tasks.o
    0x20001128   COMPRESSED   0x00000020   Data   RW         6112    .data               heap_4.o
    0x20001148   COMPRESSED   0x0000000c   Data   RW         6180    .data               port.o
    0x20001154        -       0x00000028   Zero   RW          270    .bss                openmv_counter.o
    0x2000117c        -       0x00000254   Zero   RW          511    .bss                freertos.o
    0x200013d0        -       0x00000058   Zero   RW          617    .bss                spi.o
    0x20001428        -       0x00000240   Zero   RW          671    .bss                tim.o
    0x20001668        -       0x00000420   Zero   RW          776    .bss                usart.o
    0x20001a88        -       0x00000048   Zero   RW         1004    .bss                stm32f4xx_hal_timebase_tim.o
    0x20001ad0        -       0x00000084   Zero   RW         3852    .bss                jy901.o
    0x20001b54        -       0x00000030   Zero   RW         3922    .bss                nrf.o
    0x20001b84        -       0x00000428   Zero   RW         4017    .bss                pid_counter.o
    0x20001fac        -       0x000001c4   Zero   RW         4098    .bss                location.o
    0x20002170        -       0x00000030   Zero   RW         4225    .bss                hwt101.o
    0x200021a0        -       0x000000aa   Zero   RW         4270    .bss                openmv.o
    0x2000224a   COMPRESSED   0x00000002   PAD
    0x2000224c        -       0x000000c0   Zero   RW         4910    .bss                atktdf.o
    0x2000230c        -       0x000000f0   Zero   RW         5467    .bss                tasks.o
    0x200023fc        -       0x00003c00   Zero   RW         6111    .bss                heap_4.o
    0x20005ffc        -       0x00000060   Zero   RW         6438    .bss                c_w.l(libspace.o)
    0x2000605c   COMPRESSED   0x00000004   PAD
    0x20006060        -       0x00000800   Zero   RW            2    HEAP                startup_stm32f407xx.o
    0x20006860        -       0x00000800   Zero   RW            1    STACK               startup_stm32f407xx.o


    Execution Region RW_IRAM2 (Exec base: 0x2001c000, Load base: 0x08008bd8, Size: 0x00000000, Max: 0x00004000, ABSOLUTE)

    **** No section assigned to this execution region ****


==============================================================================

Image component sizes


      Code (inc. data)   RO Data    RW Data    ZI Data      Debug   Object Name

       780         52          0         47        192       4758   atktdf.o
       122          0          0          0          0      23163   cmsis_os.o
       156          4          0          0          0        842   dma.o
       120         22          0          0          0       1824   encoder.o
         0          0          0          0          0      18464   event_groups.o
       400         42        205         40        596       5853   freertos.o
       332         16          0          0          0       1095   gpio.o
       472         24          0         32      15360       7347   heap_4.o
       216         26          0         20         48       2101   hwt101.o
       320         20          0         52        132       2368   jy901.o
        16          6          0          0          0        413   led.o
       138          0          0          0          0       3482   list.o
      1320        146          0       3868        452      10504   location.o
       380         42          0         12          0      19065   main.o
       286         22          0          0          0       3251   motor.o
        70          8          0          0          0       1439   my_usart.o
       978         70         10         21         48       7422   nrf.o
       712        104          0         32          0       6270   nrf_counter.o
         0          0          0          0          0       1444   oled.o
       400         20          0         12        170       4663   openmv.o
       492         30          0         40         40      23011   openmv_counter.o
       116         28          0         64          0       3451   pid.o
       972        104          0         76       1064       7169   pid_counter.o
       702         72          0         12          0      10888   port.o
      1366         14          0          0          0      16303   queue.o
       180         24          0          0         88       1653   spi.o
         0          0          0          0          0     698808   sport.o
        64         26        392          0       4096        836   startup_stm32f407xx.o
       260         82          0          4          0       5750   steering.o
       116         18          0         12          0       8654   stm32f4xx_hal.o
       158         14          0          0          0      32974   stm32f4xx_hal_cortex.o
      1084         16          8          0          0       7266   stm32f4xx_hal_dma.o
       530         52          0          0          0       2787   stm32f4xx_hal_gpio.o
        56          4          0          0          0        850   stm32f4xx_hal_msp.o
      1412         86          0          0          0       5833   stm32f4xx_hal_rcc.o
       976         14          0          0          0       4857   stm32f4xx_hal_spi.o
      1960        138          0          0          0      14967   stm32f4xx_hal_tim.o
       232         28          0          0          0       3261   stm32f4xx_hal_tim_ex.o
       152         20          0          0         72       1451   stm32f4xx_hal_timebase_tim.o
      2118         44          0          0          0      17231   stm32f4xx_hal_uart.o
       590        120          0         20          0      11566   stm32f4xx_it.o
        16          4         24          4          0       1103   system_stm32f4xx.o
      2696        204          0         60        240      30040   tasks.o
      1624        162          0          0        576       8691   tim.o
      1192        110          0          2       1056       4799   usart.o

    ----------------------------------------------------------------------
     26324       2038        680       4436      24232    1049967   Object Totals
         0          0         32          0          0          0   (incl. Generated)
        42          0          9          6          2          0   (incl. Padding)

    ----------------------------------------------------------------------

      Code (inc. data)   RO Data    RW Data    ZI Data      Debug   Library Member Name

        90          0          0          0          0          0   __dczerorl2.o
         8          0          0          0          0         68   __main.o
         0          0          0          0          0          0   __rtentry.o
        12          0          0          0          0          0   __rtentry2.o
         6          0          0          0          0          0   __rtentry4.o
        52          8          0          0          0          0   __scatter.o
        28          0          0          0          0          0   __scatter_zi.o
        28          0          0          0          0         68   _chval.o
        22          0          0          0          0        100   _rserrno.o
       158          0          0          0          0         92   _strtoul.o
        26          0          0          0          0         80   atoi.o
        18          0          0          0          0         80   exit.o
         6          0          0          0          0        152   heapauxi.o
         0          0          0          0          0          0   indicate_semi.o
        44         10        272          0          0         76   lc_ctype_c.o
         2          0          0          0          0          0   libinit.o
        24          0          0          0          0          0   libinit2.o
         2          0          0          0          0          0   libshutdown.o
         2          0          0          0          0          0   libshutdown2.o
         8          4          0          0         96         68   libspace.o
       238          0          0          0          0        100   lludivv7m.o
        16          4          0          0          0         76   rt_ctype_table.o
         8          4          0          0          0         68   rt_errno_addr_intlibspace.o
         8          4          0          0          0         68   rt_locale_intlibspace.o
        78          0          0          0          0         80   rt_memclr_w.o
       138          0          0          0          0         68   rt_memcpy_v6.o
       100          0          0          0          0         80   rt_memcpy_w.o
         2          0          0          0          0          0   rtexit.o
        10          0          0          0          0          0   rtexit2.o
       128          0          0          0          0         68   strcmpv7m.o
       112          0          0          0          0         88   strtol.o
        12          4          0          0          0         68   sys_exit.o
        74          0          0          0          0         80   sys_stackheap_outer.o
         2          0          0          0          0         68   use_no_semi.o
        24          0          0          0          0        164   basic.o
        98          4          0          0          0        140   d2f.o
       826         16          0          0          0        492   daddsub_clz.o
       688        140          0          0          0        256   ddiv.o
        94          4          0          0          0        140   dfix.o
        84          0          0          0          0        232   dflt_clz.o
       340         12          0          0          0        152   dmul.o
       156          4          0          0          0        140   dnaninf.o
        12          0          0          0          0        116   dretinf.o
        86          4          0          0          0        132   f2d.o
       140          4          0          0          0        132   fnaninf.o
        10          0          0          0          0        116   fpinit.o
        10          0          0          0          0        116   fretinf.o
         0          0          0          0          0          0   usenofp.o
       744        106        152          0          0        352   atan.o
       496         64          0          0          0        192   atan2.o
       200         20          0          0          0        164   cos.o
       368         46         48          0          0        200   cos_i.o
       104         16          0          0          0        496   dunder.o
        24          0          0          0          0        124   fabs.o
        48          0          0          0          0        124   fpclassify.o
       248          0          0          0          0        152   poly.o
         0          0          8          0          0          0   qnan.o
      1080        142        200          0          0        188   rred.o
       200         20          0          0          0        164   sin.o
       304         24         40          0          0        208   sin_i.o

    ----------------------------------------------------------------------
      7864        664        720          0        100       6388   Library Totals
        18          0          0          0          4          0   (incl. Padding)

    ----------------------------------------------------------------------

      Code (inc. data)   RO Data    RW Data    ZI Data      Debug   Library Name

      1462         38        272          0         96       1696   c_w.l
      2568        188          0          0          0       2328   fz_wm.l
      3816        438        448          0          0       2364   m_wm.l

    ----------------------------------------------------------------------
      7864        664        720          0        100       6388   Library Totals

    ----------------------------------------------------------------------

==============================================================================


      Code (inc. data)   RO Data    RW Data    ZI Data      Debug   

     34188       2702       1400       4436      24332    1028271   Grand Totals
     34188       2702       1400        212      24332    1028271   ELF Image Totals (compressed)
     34188       2702       1400        212          0          0   ROM Totals

==============================================================================

    Total RO  Size (Code + RO Data)                35588 (  34.75kB)
    Total RW  Size (RW Data + ZI Data)             28768 (  28.09kB)
    Total ROM Size (Code + RO Data + RW Data)      35800 (  34.96kB)

==============================================================================

